C51 COMPILER V9.56.0.0   LCD1602                                                           07/24/2018 01:06:59 PAGE 1   


C51 COMPILER V9.56.0.0, COMPILATION OF MODULE LCD1602
OBJECT MODULE PLACED IN .\Objects\LCD1602.obj
COMPILER INVOKED BY: D:\Software\C51\C51\BIN\C51.EXE LCD1602\LCD1602.c OPTIMIZE(8,SPEED) BROWSE INCDIR(.\IIC;.\LCD1602;.
                    -\DELAY;.\PCF8591;.\SENSOR) DEBUG OBJECTEXTEND PRINT(.\Listings\LCD1602.lst) TABS(2) OBJECT(.\Objects\LCD1602.obj)

line level    source

   1          #include "LCD1602.h"
   2          #include "reg52.h"
   3          #include "Delay.h"
   4          
   5          #define lcd1602_io P0
   6          
   7          sbit lcd1602_en = P2 ^ 3;
   8          sbit lcd1602_rs = P2 ^ 5;
   9          sbit lcd1602_rw = P2 ^ 4;
  10          
  11          void lcd1602_write_cmd(unsigned char cmd)  //写命令
  12          {
  13   1          lcd1602_io = cmd;
  14   1          lcd1602_rs = 0;
  15   1          lcd1602_en = 0;
  16   1          Delay(10);
  17   1          lcd1602_en = 1;
  18   1          Delay(10);
  19   1          lcd1602_en = 0;
  20   1      }
  21          
  22          void lcd1602_write_data(unsigned char dat) //写数据
  23          {
  24   1          lcd1602_io = dat;
  25   1          lcd1602_rs = 1;
  26   1          lcd1602_en = 0;
  27   1          Delay(10);
  28   1          lcd1602_en = 1;
  29   1          Delay(10);
  30   1          lcd1602_en = 0;
  31   1      
  32   1      }
  33          
  34          void lcd1602_init()
  35          {
  36   1          lcd1602_rw = 0;
  37   1          lcd1602_write_cmd(0x38);   //显示模式设置：16×2显示，5×7点阵，8位数据接口
  38   1          Delay(20);
  39   1          lcd1602_write_cmd(0x0e);   //显示模式设置
  40   1          Delay(20);
  41   1          lcd1602_write_cmd(0x06);   //显示模式设置：光标右移，字符不移
  42   1          Delay(20);
  43   1          lcd1602_write_cmd(0x01);   //清屏幕指令，将以前的显示内容清除
  44   1          Delay(20);
  45   1      }
  46          
  47          void lcd1602_write_char(unsigned char x, unsigned char y, unsigned char dat) //坐标定位
  48          {
  49   1          unsigned char address;
  50   1          if(y == 0)
  51   1              address = 0x80 + x; //y=0,写第一行
  52   1          else
  53   1              address = 0xc0 + x; //y=1,写第二行
  54   1          lcd1602_write_cmd(address);
C51 COMPILER V9.56.0.0   LCD1602                                                           07/24/2018 01:06:59 PAGE 2   

  55   1          lcd1602_write_data(dat);
  56   1      }
  57          
  58          void lcd1602_write_string(unsigned char x, unsigned char y, unsigned char *dat) //坐标定位
  59          {
  60   1          unsigned char address;
  61   1          if(y == 0)
  62   1              address = 0x80 + x; //y=0,写第一行
  63   1          else if(y == 1)
  64   1              address = 0xc0 + x; //y=1,写第二行
  65   1          lcd1602_write_cmd(address);
  66   1          while(*dat > 0)
  67   1          {
  68   2              lcd1602_write_data(*dat);
  69   2              dat++;
  70   2              Delay(1);
  71   2          }
  72   1      }


MODULE INFORMATION:   STATIC OVERLAYABLE
   CODE SIZE        =    195    ----
   CONSTANT SIZE    =   ----    ----
   XDATA SIZE       =   ----    ----
   PDATA SIZE       =   ----    ----
   DATA SIZE        =   ----       6
   IDATA SIZE       =   ----    ----
   BIT SIZE         =   ----    ----
END OF MODULE INFORMATION.


C51 COMPILATION COMPLETE.  0 WARNING(S),  0 ERROR(S)
