C51 COMPILER V9.56.0.0   MAIN                                                              08/10/2018 20:37:16 PAGE 1   


C51 COMPILER V9.56.0.0, COMPILATION OF MODULE MAIN
OBJECT MODULE PLACED IN .\Objects\MAIN.obj
COMPILER INVOKED BY: D:\Software\C51\C51\BIN\C51.EXE USER\MAIN.c OPTIMIZE(8,SPEED) BROWSE INCDIR(.\IIC;.\LCD1602;.\DELAY
                    -;.\PCF8591;.\SENSOR;.\USER;.\7SEG;.\WIFI;.\DEFINE;.\DS18B20;.\ELECTRONIC_SCALE;..\MCU_TEST;.\LATTICE;.\ADXL345;.\BH1750)
                    - DEBUG OBJECTEXTEND PRINT(.\Listings\MAIN.lst) TABS(2) OBJECT(.\Objects\MAIN.obj)

line level    source

   1          #include "reg52.h"
   2          #include "DEFINE.h"
   3          #include "SENSOR.h"
   4          #include "Delay.h"
   5          #include "string.h"
   6          #include "LCD1602.h"
   7          #include "WIFI.h"
   8          
   9          
  10          uchar data_come = 0; //数据帧开始传输标志
  11          uchar is_Start= 0;   //各个模块开始运行标志
  12          uchar  a[12]="\0\0\0\0\0\0\0\0\0\0\0\0";       //用于存储串口发送的信息
  13          uchar index = 0;
  14          uchar num;
  15          bit flag = 0;
  16          bit bluetooth = 0;
  17          bit refresh = 1;
  18          extern code uchar send1[];
  19          extern code uchar send2[];
  20          void Serial_Timer_Init();
  21          
  22          code void (*FUNC[27])() = { &Serial_Timer_Init,
  23                                      &_7SEG_LED,           //1.七段数码管
  24                                      &LED_RUN,             //2.LED
  25                                      &LATTICE_RUN,         //3.点阵
  26                                      &STATIC_DIGITAL_RUN,  //4.静态数码管
  27                                      &BUZZER_RUN,          //5.蜂鸣器
  28                                      &DCMOTOR_RUN,         //6.直流电机
  29                                      &STEPMOTOR_RUN,       //7.步进电机
  30                                      &FAN_RUN,             //8.风扇
  31                                      &DS18B20_RUN,         //9.DS18B20
  32                                      &ULTRASONIC_RUN,      //10.超声波
  33                                      &LM393_RUN,           //11.声音传感器
  34                                      &DIGITAL_LIGHT_INTENSITY_RUN, //12.数字光强
  35                                      &BLUETOOTH_RUN,       //13.蓝牙
  36                                      &INFRARED_REC_RUN,    //14.红外接收器
  37                                      &ADXL345_RUN,         //15.加速度传感器
  38                                      &ELECTRONIC_SCALE_RUN,//16.压力传感器-电子称
  39                                      &MQ_RUN,              //17.MQ2
  40                                      &MQ_RUN,              //18.MQ3
  41                                      &MQ_RUN,              //19.MQ4
  42                                      &MQ_RUN,              //20.MQ5
  43                                      &MQ_RUN,              //21.MQ135
  44                                      &HC_HR501_RUN,        //22.人体红外
  45                                      &AD_SENSOR_RUN,       //23.光敏 光敏传感器、湿敏、热敏、振动
  46                                      &AD_SENSOR_RUN,       //24.湿敏
  47                                      &AD_SENSOR_RUN,       //25.热敏
  48                                      &AD_SENSOR_RUN,       //26.振动
  49                                      };  //存入code区
  50          
  51          void main()
  52          {
  53   1        uchar i;
C51 COMPILER V9.56.0.0   MAIN                                                              08/10/2018 20:37:16 PAGE 2   

  54   1        
  55   1        LED = 0;
  56   1        BUZZER = 1;
  57   1        FAN = 0;
  58   1        DCMOTOR = 0;
  59   1        hc_hr501 = 1;
  60   1        
  61   1        lcd1602_init();
  62   1        Serial_Timer_Init();
  63   1        
  64   1        while(1)
  65   1        {   
  66   2          //AD_SENSOR_RUN();
  67   2          //LM393_RUN();
  68   2      //    num = 12;
  69   2      //    refresh = 1;
  70   2      //    DIGITAL_LIGHT_INTENSITY_RUN();
  71   2      //    Delay_ms(1000);
  72   2      //    refresh = 1;
  73   2      //    num = 15;
  74   2      //    ADXL345_RUN();
  75   2      //    Delay_ms(1000);
  76   2      //    refresh = 1;
  77   2      //    ELECTRONIC_SCALE_RUN(); //电子称
  78   2      //    Delay_ms(1000);
  79   2      //    refresh = 1;
  80   2      //    ULTRASONIC_RUN();
  81   2      //    Delay_ms(1000);
  82   2          //    num = 12;
  83   2      //    num = 17;
  84   2      //    refresh = 1;
  85   2      //    MQ_RUN();
  86   2      //    Delay_ms(1000);
  87   2          
  88   2        //  refresh = 1;
  89   2          num = 18;
  90   2          MQ_RUN();
  91   2        //  Delay_ms(1000);
  92   2          
  93   2      //    refresh = 1;
  94   2      //    num = 19;
  95   2      //    MQ_RUN(); //电子称
  96   2      //    Delay_ms(1000);
  97   2          
  98   2      //    refresh = 1;
  99   2      //    num = 20;
 100   2      //    MQ_RUN();
 101   2      //    Delay_ms(1000);
 102   2      //    if(!((a[0]>>2)%2))  //通信帧
 103   2      //    {
 104   2      //      //执行模块
 105   2      //      for(i = 2;i<a[1]+2;i++)  //一次模块执行
 106   2      //      {
 107   2      //        num = a[i];      //保存编号
 108   2      //        (*FUNC[a[i]])(); //执行函数
 109   2      //        Delay_ms(5);
 110   2      //      }
 111   2      //    }
 112   2        }
 113   1      }
*** WARNING C280 IN LINE 53 OF USER\MAIN.c: 'i': unreferenced local variable
 114          
C51 COMPILER V9.56.0.0   MAIN                                                              08/10/2018 20:37:16 PAGE 3   

 115          void Serail_Proc() interrupt 4
 116          {
 117   1        uchar dat;
 118   1        if(RI)
 119   1        {
 120   2          RI = 0;
 121   2          dat = SBUF;
 122   2          if(bluetooth) //蓝牙接收
 123   2          {
 124   3            bluetooth = 0;
 125   3            lcd1602_write_string(0,0,"BLUETOOTH RECVE:");  //显示蓝牙模块接收的字符
 126   3            lcd1602_write_char(0,1,dat);
 127   3            P1 = dat - '0';
 128   3          }
 129   2          
 130   2          
 131   2          if(dat == 0)
 132   2          {
 133   3            refresh = 1;
 134   3            data_come = 1;   //标志数据帧的开始
 135   3          }
 136   2          else if(data_come)
 137   2          {
 138   3            if(dat == 0XFF)
 139   3            {
 140   4              index = 0;      //数组下标置0
 141   4              data_come = 0; //标志数据帧的结束
 142   4            }
 143   3            else
 144   3            {
 145   4              if((index == 0) && (dat>>2)%2) //测试帧
 146   4              {
 147   5                //刷新LCD
 148   5                if(refresh)  //刷新
 149   5                {
 150   6                  refresh = 0;
 151   6                  lcd1602_write_cmd(0x01);
 152   6                }
 153   5                if((dat>>1)%2)  //wifi通信 需先初始化
 154   5                {
 155   6                  lcd1602_write_string(0,0,"WIFI TEST");
 156   6                  Send_String(send1); //发送一个数据
 157   6                }
 158   5                else
 159   5                {
 160   6                  lcd1602_write_string(0,0,"SERAIL TEST");
 161   6                }
 162   5                SBUF = '#';
 163   5                while(!TI);TI = 0;
 164   5                //lcd1602_write_string(0,1,"SUCCESS");
 165   5              }
 166   4              a[index++] = dat; //数据存入数组
 167   4            }
 168   3          }
 169   2        }
 170   1      }
 171          
 172          void T0_proc() interrupt 1  //超出检测范围或者没有检测到距离则停止计时
 173          {
 174   1        flag = 1;
 175   1        TH0 = TL0 = 0;
 176   1        ET0 = 0;
C51 COMPILER V9.56.0.0   MAIN                                                              08/10/2018 20:37:16 PAGE 4   

 177   1        TR0 = 0;
 178   1      }
 179          void Serial_Timer_Init()    
 180          {
 181   1        TMOD = 0x21;    //T1工作模式2 8位自动重装 T0工作在模式1 
 182   1        
 183   1        //T1设置
 184   1        TH1 = 0xFD;
 185   1        TL1 = 0xFD;   //比特率1200
 186   1        TR1 = 1;      //启动T1定时器
 187   1        PCON = 0x00;
 188   1        
 189   1        //T0设置
 190   1        TH0 = TL0 = 0; //定时器0初始化
 191   1        
 192   1        //串口设置
 193   1        SCON = 0x50;
 194   1        
 195   1        //外部中断设置
 196   1        IT0 = 1;    //边沿触发
 197   1        
 198   1        //中断开关
 199   1        EA = 1;
 200   1        EX0 = 0; //关掉外部中断0
 201   1        ES = 1;
 202   1      }


MODULE INFORMATION:   STATIC OVERLAYABLE
   CODE SIZE        =    275    ----
   CONSTANT SIZE    =    120    ----
   XDATA SIZE       =   ----    ----
   PDATA SIZE       =   ----    ----
   DATA SIZE        =     16       2
   IDATA SIZE       =   ----    ----
   BIT SIZE         =      3    ----
END OF MODULE INFORMATION.


C51 COMPILATION COMPLETE.  1 WARNING(S),  0 ERROR(S)
