BL51 BANKED LINKER/LOCATER V6.22                                                        08/10/2018  20:37:18  PAGE 1


BL51 BANKED LINKER/LOCATER V6.22, INVOKED BY:
D:\SOFTWARE\C51\C51\BIN\BL51.EXE .\Objects\MAIN.obj, .\Objects\IIC.obj, .\Objects\LCD1602.obj, .\Objects\PCF8591.obj, .\
>> Objects\Delay.obj, .\Objects\7SEG.obj, .\Objects\WIFI.obj, .\Objects\DS18B20.obj, .\Objects\ELECTRONIC_SCALE.obj, .\O
>> bjects\ADXL345.obj, .\Objects\LATTICE.obj, .\Objects\BH1750.obj, .\Objects\SENSOR.obj TO .\Objects\MCU_TEST PRINT (.\
>> Listings\MCU_TEST.m51) RAMSIZE (256) CODE (0X0000-0X1FFF)


MEMORY MODEL: SMALL WITH FLOATING POINT ARITHMETIC


INPUT MODULES INCLUDED:
  .\Objects\MAIN.obj (MAIN)
  .\Objects\IIC.obj (IIC)
  .\Objects\LCD1602.obj (LCD1602)
  .\Objects\PCF8591.obj (PCF8591)
  .\Objects\Delay.obj (DELAY)
  .\Objects\7SEG.obj (7SEG)
  .\Objects\WIFI.obj (WIFI)
  .\Objects\DS18B20.obj (DS18B20)
  .\Objects\ELECTRONIC_SCALE.obj (ELECTRONIC_SCALE)
  .\Objects\ADXL345.obj (ADXL345)
  .\Objects\LATTICE.obj (LATTICE)
  .\Objects\BH1750.obj (BH1750)
  .\Objects\SENSOR.obj (SENSOR)
  D:\SOFTWARE\C51\C51\LIB\C51FPS.LIB (?C?FPADD)
  D:\SOFTWARE\C51\C51\LIB\C51FPS.LIB (?C?FPMUL)
  D:\SOFTWARE\C51\C51\LIB\C51FPS.LIB (?C?FPDIV)
  D:\SOFTWARE\C51\C51\LIB\C51FPS.LIB (?C?FCAST)
  D:\SOFTWARE\C51\C51\LIB\C51FPS.LIB (?C?CASTF)
  D:\SOFTWARE\C51\C51\LIB\C51FPS.LIB (?C?FPGETOPN)
  D:\SOFTWARE\C51\C51\LIB\C51S.LIB (?C_STARTUP)
  D:\SOFTWARE\C51\C51\LIB\C51S.LIB (?C?CLDPTR)
  D:\SOFTWARE\C51\C51\LIB\C51S.LIB (?C?CLDOPTR)
  D:\SOFTWARE\C51\C51\LIB\C51S.LIB (?C?IMUL)
  D:\SOFTWARE\C51\C51\LIB\C51S.LIB (?C?UIDIV)
  D:\SOFTWARE\C51\C51\LIB\C51S.LIB (?C?SIDIV)
  D:\SOFTWARE\C51\C51\LIB\C51S.LIB (?C?ULDIV)
  D:\SOFTWARE\C51\C51\LIB\C51S.LIB (?C?SLDIV)
  D:\SOFTWARE\C51\C51\LIB\C51S.LIB (?C?LNEG)
  D:\SOFTWARE\C51\C51\LIB\C51S.LIB (?C?ULSHR)
  D:\SOFTWARE\C51\C51\LIB\C51S.LIB (?C?LSHL)
  D:\SOFTWARE\C51\C51\LIB\C51S.LIB (?C_INIT)


LINK MAP OF MODULE:  .\Objects\MCU_TEST (MAIN)


            TYPE    BASE      LENGTH    RELOCATION   SEGMENT NAME
            -----------------------------------------------------

            * * * * * * *   D A T A   M E M O R Y   * * * * * * *
            REG     0000H     0008H     ABSOLUTE     "REG BANK 0"
            DATA    0008H     0010H     UNIT         ?DT?MAIN
            DATA    0018H     0008H     UNIT         ?DT?ELECTRONIC_SCALE
            BIT     0020H.0   0000H.3   UNIT         ?BI?MAIN
            BIT     0020H.3   0000H.2   UNIT         _BIT_GROUP_
            BIT     0020H.5   0000H.1   UNIT         ?BI?IIC
                    0020H.6   0000H.2                *** GAP ***
BL51 BANKED LINKER/LOCATER V6.22                                                      08/10/2018  20:37:18  PAGE 2


            DATA    0021H     0022H     UNIT         _DATA_GROUP_
            DATA    0043H     0008H     UNIT         ?DT?ADXL345
            DATA    004BH     0004H     UNIT         ?DT?_LCD1602_DISPLAY_DATA?LCD1602
            DATA    004FH     0003H     UNIT         ?DT?_DACCONVERSION?PCF8591
            DATA    0052H     0003H     UNIT         ?DT?DS18B20
            DATA    0055H     0001H     UNIT         ?DT?SENSOR
            IDATA   0056H     0001H     UNIT         ?STACK

            * * * * * * *   C O D E   M E M O R Y   * * * * * * *
            CODE    0000H     0003H     ABSOLUTE     
            CODE    0003H     0003H     ABSOLUTE     
            CODE    0006H     0003H     UNIT         ?PR?BLUETOOTH_RUN?SENSOR
                    0009H     0002H                  *** GAP ***
            CODE    000BH     0003H     ABSOLUTE     
            CODE    000EH     0014H     UNIT         ?PR?_LATTICE_SELECT_ROW?LATTICE
                    0022H     0001H                  *** GAP ***
            CODE    0023H     0003H     ABSOLUTE     
            CODE    0026H     0542H     UNIT         ?C?LIB_CODE
            CODE    0568H     0185H     UNIT         ?PR?ELECTRONIC_SCALE_RUN?SENSOR
            CODE    06EDH     0128H     UNIT         ?PR?MQ_RUN?SENSOR
            CODE    0815H     0109H     UNIT         ?PR?IR_IN?SENSOR
            CODE    091EH     00EAH     UNIT         ?CO?SENSOR
            CODE    0A08H     00E8H     UNIT         ?PR?BH1750_DISPLAY?BH1750
            CODE    0AF0H     00D3H     UNIT         ?PR?AD_SENSOR_RUN?SENSOR
            CODE    0BC3H     00D2H     UNIT         ?PR?_ADXL345_DISPLAY_X?ADXL345
            CODE    0C95H     00D2H     UNIT         ?PR?_ADXL345_DISPLAY_Y?ADXL345
            CODE    0D67H     00D2H     UNIT         ?PR?_ADXL345_DISPLAY_Z?ADXL345
            CODE    0E39H     00D0H     UNIT         ?PR?SERAIL_PROC?MAIN
            CODE    0F09H     00C2H     UNIT         ?PR?ULTRASONIC_RUN?SENSOR
            CODE    0FCBH     00BEH     UNIT         ?PR?_SENDBYTE?IIC
            CODE    1089H     00B5H     UNIT         ?PR?_DISPLAY_NUM?7SEG
            CODE    113EH     00A0H     UNIT         ?CO?LATTICE
            CODE    11DEH     0090H     UNIT         ?PR?_DISPLAY_TEMPERATURE?DS18B20
            CODE    126EH     0090H     UNIT         ?PR?LM393_RUN?SENSOR
            CODE    12FEH     008EH     UNIT         ?PR?STEPMOTOR_RUN?SENSOR
            CODE    138CH     008CH     UNIT         ?C_C51STARTUP
            CODE    1418H     0079H     UNIT         ?PR?_LATTICE_SHOW?LATTICE
            CODE    1491H     0078H     UNIT         ?CO?MAIN
            CODE    1509H     0076H     UNIT         ?PR?RCVBYTE?IIC
            CODE    157FH     006EH     UNIT         ?PR?_SENDLONG_PC?SENSOR
            CODE    15EDH     0063H     UNIT         ?PR?GET_TEMPERATURE?DS18B20
            CODE    1650H     0055H     UNIT         ?PR?_WIFI_SEND_LONG?WIFI
            CODE    16A5H     0054H     UNIT         ?PR?ACK_I2C?IIC
            CODE    16F9H     0051H     UNIT         ?PR?_LCD1602_DISPLAY_DATA?LCD1602
            CODE    174AH     004EH     UNIT         ?PR?START_I2C?IIC
            CODE    1798H     004CH     UNIT         ?PR?DS18B20_RUN?SENSOR
            CODE    17E4H     0049H     UNIT         ?PR?_SENDSTRING_PC?SENSOR
            CODE    182DH     0047H     UNIT         ?PR?ADXL345_READ_MULTIPLE?ADXL345
            CODE    1874H     0046H     UNIT         ?CO?WIFI
            CODE    18BAH     0044H     UNIT         ?PR?_LCD1602_WRITE_STRING?LCD1602
            CODE    18FEH     0044H     UNIT         ?C?LDIV
            CODE    1942H     003AH     UNIT         ?PR?_WIFI_SEND_STRING?WIFI
            CODE    197CH     0039H     UNIT         ?PR?STOP_I2C?IIC
            CODE    19B5H     0039H     UNIT         ?PR?BH1750_READ_MULTIPLE?BH1750
            CODE    19EEH     0035H     UNIT         ?PR?ELECTRONICSCALSE_READCOUNT?ELECTRONIC_SCALE
            CODE    1A23H     0033H     UNIT         ?PR?DIGITAL_LIGHT_INTENSITY_RUN?SENSOR
            CODE    1A56H     0033H     UNIT         ?PR?ADXL345_RUN?SENSOR
BL51 BANKED LINKER/LOCATER V6.22                                                      08/10/2018  20:37:18  PAGE 3


            CODE    1A89H     0032H     UNIT         ?PR?LCD1602_INIT?LCD1602
            CODE    1ABBH     0032H     UNIT         ?PR?_SENDINT_PC?SENSOR
            CODE    1AEDH     0031H     UNIT         ?PR?ADXL345_INIT?ADXL345
            CODE    1B1EH     002DH     UNIT         ?PR?ADXL345_DISPLAY_XYZ?ADXL345
            CODE    1B4BH     002DH     UNIT         ?PR?STATIC_DIGITAL_RUN?SENSOR
            CODE    1B78H     002CH     UNIT         ?PR?_DACCONVERSION?PCF8591
            CODE    1BA4H     0027H     UNIT         ?PR?WIFI_INIT?WIFI
            CODE    1BCBH     0024H     UNIT         ?PR?_SENDCHAR_PC?SENSOR
            CODE    1BEFH     0022H     UNIT         ?PR?_IRCVBYTE?PCF8591
            CODE    1C11H     0022H     UNIT         ?PR?_DELAY_MS?DELAY
            CODE    1C33H     0022H     UNIT         ?PR?DS_RESET?DS18B20
            CODE    1C55H     0022H     UNIT         ?PR?_DS_WRITE_BYTE?DS18B20
            CODE    1C77H     0021H     UNIT         ?C_INITSEG
            CODE    1C98H     0021H     UNIT         ?PR?HC_HR501_RUN?SENSOR
            CODE    1CB9H     0020H     UNIT         ?PR?_ISENDBYTE?PCF8591
            CODE    1CD9H     001EH     UNIT         ?PR?SERIAL_TIMER_INIT?MAIN
            CODE    1CF7H     001EH     UNIT         ?PR?_7SEG_LED?SENSOR
            CODE    1D15H     001CH     UNIT         ?PR?_SEND_STRING?WIFI
            CODE    1D31H     001BH     UNIT         ?PR?_LCD1602_WRITE_CHAR?LCD1602
            CODE    1D4CH     001BH     UNIT         ?PR?DS_READ_BYTE?DS18B20
            CODE    1D67H     0019H     UNIT         ?PR?_LCD1602_WRITE_CMD?LCD1602
            CODE    1D80H     0019H     UNIT         ?PR?_LCD1602_WRITE_DATA?LCD1602
            CODE    1D99H     0019H     UNIT         ?PR?_ADXL345_WRITE_SINGLE?ADXL345
            CODE    1DB2H     0018H     UNIT         ?PR?MAIN?MAIN
            CODE    1DCAH     0018H     UNIT         ?PR?INITIAL_COM?PCF8591
            CODE    1DE2H     0017H     UNIT         ?PR?_WIFI_SEND_INT?WIFI
            CODE    1DF9H     0013H     UNIT         ?PR?_WIFI_SEND_CHAR?WIFI
            CODE    1E0CH     0013H     UNIT         ?PR?DS_READ_BIT?DS18B20
            CODE    1E1FH     0012H     UNIT         ?PR?_BH1750_WRITE_SINGLE?BH1750
            CODE    1E31H     000DH     UNIT         ?PR?T0_PROC?MAIN
            CODE    1E3EH     000DH     UNIT         ?PR?DS_CHANGE?DS18B20
            CODE    1E4BH     000CH     UNIT         ?PR?LATTICE_RUN?SENSOR
            CODE    1E57H     000CH     UNIT         ?PR?BUZZER_RUN?SENSOR
            CODE    1E63H     000CH     UNIT         ?PR?DCMOTOR_RUN?SENSOR
            CODE    1E6FH     000CH     UNIT         ?PR?FAN_RUN?SENSOR
            CODE    1E7BH     000BH     UNIT         ?CO?7SEG
            CODE    1E86H     000BH     UNIT         ?PR?LED_RUN?SENSOR
            CODE    1E91H     000AH     UNIT         ?PR?_DELAY_US?DELAY
            CODE    1E9BH     000AH     UNIT         ?PR?BH1750_INIT?BH1750
            CODE    1EA5H     0007H     UNIT         ?PR?_TEMPDELAY?DS18B20
            CODE    1EACH     0003H     UNIT         ?PR?INFRARED_REC_RUN?SENSOR



OVERLAY MAP OF MODULE:   .\Objects\MCU_TEST (MAIN)


SEGMENT                                             BIT_GROUP          DATA_GROUP 
  +--> CALLED SEGMENT                            START    LENGTH     START    LENGTH
------------------------------------------------------------------------------------
?PR?SERAIL_PROC?MAIN                             -----    -----      0021H    0001H
  +--> ?CO?MAIN
  +--> ?PR?_LCD1602_WRITE_STRING?LCD1602
  +--> ?PR?_LCD1602_WRITE_CHAR?LCD1602
  +--> ?PR?_LCD1602_WRITE_CMD?LCD1602
  +--> ?CO?WIFI
  +--> ?PR?_SEND_STRING?WIFI
BL51 BANKED LINKER/LOCATER V6.22                                                      08/10/2018  20:37:18  PAGE 4



?CO?MAIN                                         -----    -----      -----    -----
  +--> ?PR?SERIAL_TIMER_INIT?MAIN
  +--> ?PR?_7SEG_LED?SENSOR
  +--> ?PR?LED_RUN?SENSOR
  +--> ?PR?LATTICE_RUN?SENSOR
  +--> ?PR?STATIC_DIGITAL_RUN?SENSOR
  +--> ?PR?BUZZER_RUN?SENSOR
  +--> ?PR?DCMOTOR_RUN?SENSOR
  +--> ?PR?STEPMOTOR_RUN?SENSOR
  +--> ?PR?FAN_RUN?SENSOR
  +--> ?PR?DS18B20_RUN?SENSOR
  +--> ?PR?ULTRASONIC_RUN?SENSOR
  +--> ?PR?LM393_RUN?SENSOR
  +--> ?PR?DIGITAL_LIGHT_INTENSITY_RUN?SENSOR
  +--> ?PR?BLUETOOTH_RUN?SENSOR
  +--> ?PR?INFRARED_REC_RUN?SENSOR
  +--> ?PR?ADXL345_RUN?SENSOR
  +--> ?PR?ELECTRONIC_SCALE_RUN?SENSOR
  +--> ?PR?MQ_RUN?SENSOR
  +--> ?PR?HC_HR501_RUN?SENSOR
  +--> ?PR?AD_SENSOR_RUN?SENSOR

?PR?_7SEG_LED?SENSOR                             -----    -----      -----    -----
  +--> ?PR?_DISPLAY_NUM?7SEG

?PR?_DISPLAY_NUM?7SEG                            -----    -----      0022H    0005H
  +--> ?PR?_DELAY_MS?DELAY
  +--> ?CO?7SEG

?PR?LATTICE_RUN?SENSOR                           -----    -----      -----    -----
  +--> ?PR?_LATTICE_SHOW?LATTICE

?PR?_LATTICE_SHOW?LATTICE                        -----    -----      0022H    0004H
  +--> ?PR?_LATTICE_SELECT_ROW?LATTICE
  +--> ?CO?LATTICE
  +--> ?PR?_DELAY_US?DELAY

?PR?STATIC_DIGITAL_RUN?SENSOR                    -----    -----      -----    -----
  +--> ?PR?_DISPLAY_NUM?7SEG

?PR?BUZZER_RUN?SENSOR                            -----    -----      -----    -----
  +--> ?PR?_DELAY_MS?DELAY

?PR?DCMOTOR_RUN?SENSOR                           -----    -----      -----    -----
  +--> ?PR?_DELAY_MS?DELAY

?PR?STEPMOTOR_RUN?SENSOR                         -----    -----      -----    -----
  +--> ?PR?_DELAY_US?DELAY

?PR?FAN_RUN?SENSOR                               -----    -----      -----    -----
  +--> ?PR?_DELAY_MS?DELAY

?PR?DS18B20_RUN?SENSOR                           -----    -----      -----    -----
  +--> ?PR?_LCD1602_WRITE_CMD?LCD1602
  +--> ?CO?SENSOR
  +--> ?PR?_LCD1602_WRITE_STRING?LCD1602
BL51 BANKED LINKER/LOCATER V6.22                                                      08/10/2018  20:37:18  PAGE 5


  +--> ?PR?DS_CHANGE?DS18B20
  +--> ?PR?GET_TEMPERATURE?DS18B20
  +--> ?PR?_DISPLAY_TEMPERATURE?DS18B20
  +--> ?PR?_SENDINT_PC?SENSOR

?PR?_LCD1602_WRITE_CMD?LCD1602                   -----    -----      -----    -----
  +--> ?PR?_DELAY_MS?DELAY

?PR?_LCD1602_WRITE_STRING?LCD1602                -----    -----      003FH    0004H
  +--> ?PR?_LCD1602_WRITE_CMD?LCD1602
  +--> ?PR?_LCD1602_WRITE_DATA?LCD1602
  +--> ?PR?_DELAY_MS?DELAY

?PR?_LCD1602_WRITE_DATA?LCD1602                  -----    -----      -----    -----
  +--> ?PR?_DELAY_MS?DELAY

?PR?DS_CHANGE?DS18B20                            -----    -----      -----    -----
  +--> ?PR?DS_RESET?DS18B20
  +--> ?PR?_DS_WRITE_BYTE?DS18B20

?PR?DS_RESET?DS18B20                             -----    -----      -----    -----
  +--> ?PR?_TEMPDELAY?DS18B20

?PR?_DS_WRITE_BYTE?DS18B20                       -----    -----      -----    -----
  +--> ?PR?_TEMPDELAY?DS18B20

?PR?GET_TEMPERATURE?DS18B20                      -----    -----      0022H    0004H
  +--> ?PR?DS_RESET?DS18B20
  +--> ?PR?_DS_WRITE_BYTE?DS18B20
  +--> ?PR?DS_READ_BYTE?DS18B20

?PR?DS_READ_BYTE?DS18B20                         -----    -----      -----    -----
  +--> ?PR?DS_READ_BIT?DS18B20

?PR?DS_READ_BIT?DS18B20                          0020H.3  0000H.1    -----    -----
  +--> ?PR?_TEMPDELAY?DS18B20

?PR?_DISPLAY_TEMPERATURE?DS18B20                 -----    -----      0022H    0002H
  +--> ?PR?_LCD1602_WRITE_CHAR?LCD1602

?PR?_LCD1602_WRITE_CHAR?LCD1602                  -----    -----      0035H    0002H
  +--> ?PR?_LCD1602_WRITE_CMD?LCD1602
  +--> ?PR?_LCD1602_WRITE_DATA?LCD1602

?PR?_SENDINT_PC?SENSOR                           -----    -----      0022H    0002H
  +--> ?CO?SENSOR
  +--> ?PR?_LCD1602_WRITE_STRING?LCD1602
  +--> ?PR?_WIFI_SEND_INT?WIFI

?PR?_WIFI_SEND_INT?WIFI                          -----    -----      -----    -----
  +--> ?PR?_SEND_STRING?WIFI

?PR?_SEND_STRING?WIFI                            -----    -----      -----    -----
  +--> ?CO?WIFI

?PR?ULTRASONIC_RUN?SENSOR                        -----    -----      -----    -----
  +--> ?PR?_LCD1602_WRITE_CMD?LCD1602
BL51 BANKED LINKER/LOCATER V6.22                                                      08/10/2018  20:37:18  PAGE 6


  +--> ?CO?SENSOR
  +--> ?PR?_LCD1602_WRITE_STRING?LCD1602
  +--> ?PR?_DELAY_MS?DELAY
  +--> ?PR?_LCD1602_WRITE_CHAR?LCD1602
  +--> ?PR?_SENDINT_PC?SENSOR

?PR?LM393_RUN?SENSOR                             -----    -----      0022H    0002H
  +--> ?PR?_LCD1602_WRITE_CMD?LCD1602
  +--> ?CO?SENSOR
  +--> ?PR?_LCD1602_WRITE_STRING?LCD1602
  +--> ?PR?_ISENDBYTE?PCF8591
  +--> ?PR?_IRCVBYTE?PCF8591
  +--> ?PR?_SENDCHAR_PC?SENSOR

?PR?_ISENDBYTE?PCF8591                           -----    -----      003EH    0002H
  +--> ?PR?START_I2C?IIC
  +--> ?PR?_SENDBYTE?IIC
  +--> ?PR?STOP_I2C?IIC

?PR?_IRCVBYTE?PCF8591                            -----    -----      003EH    0002H
  +--> ?PR?START_I2C?IIC
  +--> ?PR?_SENDBYTE?IIC
  +--> ?PR?RCVBYTE?IIC
  +--> ?PR?ACK_I2C?IIC
  +--> ?PR?STOP_I2C?IIC

?PR?ACK_I2C?IIC                                  0020H.4  0000H.1    -----    -----

?PR?_SENDCHAR_PC?SENSOR                          -----    -----      003EH    0001H
  +--> ?CO?SENSOR
  +--> ?PR?_LCD1602_WRITE_STRING?LCD1602
  +--> ?PR?_WIFI_SEND_CHAR?WIFI

?PR?_WIFI_SEND_CHAR?WIFI                         -----    -----      -----    -----
  +--> ?CO?WIFI
  +--> ?PR?_SEND_STRING?WIFI

?PR?DIGITAL_LIGHT_INTENSITY_RUN?SENSOR           -----    -----      -----    -----
  +--> ?PR?_LCD1602_WRITE_CMD?LCD1602
  +--> ?CO?SENSOR
  +--> ?PR?_LCD1602_WRITE_STRING?LCD1602
  +--> ?PR?BH1750_INIT?BH1750
  +--> ?PR?BH1750_READ_MULTIPLE?BH1750
  +--> ?PR?BH1750_DISPLAY?BH1750
  +--> ?PR?_SENDSTRING_PC?SENSOR

?PR?BH1750_INIT?BH1750                           -----    -----      -----    -----
  +--> ?PR?_BH1750_WRITE_SINGLE?BH1750

?PR?_BH1750_WRITE_SINGLE?BH1750                  -----    -----      0022H    0001H
  +--> ?PR?START_I2C?IIC
  +--> ?PR?_SENDBYTE?IIC
  +--> ?PR?STOP_I2C?IIC

?PR?BH1750_READ_MULTIPLE?BH1750                  -----    -----      0022H    0001H
  +--> ?PR?START_I2C?IIC
  +--> ?PR?_SENDBYTE?IIC
BL51 BANKED LINKER/LOCATER V6.22                                                      08/10/2018  20:37:18  PAGE 7


  +--> ?PR?RCVBYTE?IIC
  +--> ?PR?ACK_I2C?IIC
  +--> ?PR?STOP_I2C?IIC
  +--> ?PR?_DELAY_MS?DELAY

?PR?BH1750_DISPLAY?BH1750                        -----    -----      0022H    0002H
  +--> ?PR?_LCD1602_WRITE_CHAR?LCD1602

?PR?_SENDSTRING_PC?SENSOR                        -----    -----      0035H    0004H
  +--> ?CO?SENSOR
  +--> ?PR?_LCD1602_WRITE_STRING?LCD1602
  +--> ?PR?_WIFI_SEND_STRING?WIFI

?PR?_WIFI_SEND_STRING?WIFI                       -----    -----      0039H    0003H
  +--> ?CO?WIFI
  +--> ?PR?_SEND_STRING?WIFI

?PR?ADXL345_RUN?SENSOR                           -----    -----      -----    -----
  +--> ?PR?_LCD1602_WRITE_CMD?LCD1602
  +--> ?CO?SENSOR
  +--> ?PR?_LCD1602_WRITE_STRING?LCD1602
  +--> ?PR?ADXL345_INIT?ADXL345
  +--> ?PR?ADXL345_READ_MULTIPLE?ADXL345
  +--> ?PR?ADXL345_DISPLAY_XYZ?ADXL345
  +--> ?PR?_SENDSTRING_PC?SENSOR

?PR?ADXL345_INIT?ADXL345                         -----    -----      -----    -----
  +--> ?PR?_ADXL345_WRITE_SINGLE?ADXL345

?PR?_ADXL345_WRITE_SINGLE?ADXL345                -----    -----      0022H    0002H
  +--> ?PR?START_I2C?IIC
  +--> ?PR?_SENDBYTE?IIC
  +--> ?PR?STOP_I2C?IIC

?PR?ADXL345_READ_MULTIPLE?ADXL345                -----    -----      0022H    0001H
  +--> ?PR?START_I2C?IIC
  +--> ?PR?_SENDBYTE?IIC
  +--> ?PR?RCVBYTE?IIC
  +--> ?PR?ACK_I2C?IIC
  +--> ?PR?STOP_I2C?IIC
  +--> ?PR?_DELAY_MS?DELAY

?PR?ADXL345_DISPLAY_XYZ?ADXL345                  -----    -----      -----    -----
  +--> ?PR?_ADXL345_DISPLAY_X?ADXL345
  +--> ?PR?_ADXL345_DISPLAY_Y?ADXL345
  +--> ?PR?_ADXL345_DISPLAY_Z?ADXL345

?PR?_ADXL345_DISPLAY_X?ADXL345                   -----    -----      0022H    0002H
  +--> ?PR?_LCD1602_WRITE_CHAR?LCD1602

?PR?_ADXL345_DISPLAY_Y?ADXL345                   -----    -----      0022H    0002H
  +--> ?PR?_LCD1602_WRITE_CHAR?LCD1602

?PR?_ADXL345_DISPLAY_Z?ADXL345                   -----    -----      0022H    0002H
  +--> ?PR?_LCD1602_WRITE_CHAR?LCD1602

?PR?ELECTRONIC_SCALE_RUN?SENSOR                  -----    -----      0022H    0008H
BL51 BANKED LINKER/LOCATER V6.22                                                      08/10/2018  20:37:18  PAGE 8


  +--> ?PR?_LCD1602_WRITE_CMD?LCD1602
  +--> ?CO?SENSOR
  +--> ?PR?_LCD1602_WRITE_STRING?LCD1602
  +--> ?PR?ELECTRONICSCALSE_READCOUNT?ELECTR...
  +--> ?PR?_LCD1602_WRITE_CHAR?LCD1602
  +--> ?PR?_SENDLONG_PC?SENSOR

?PR?_SENDLONG_PC?SENSOR                          -----    -----      002AH    0004H
  +--> ?CO?SENSOR
  +--> ?PR?_LCD1602_WRITE_STRING?LCD1602
  +--> ?PR?_WIFI_SEND_LONG?WIFI

?PR?_WIFI_SEND_LONG?WIFI                         -----    -----      002EH    0004H
  +--> ?PR?_SEND_STRING?WIFI

?PR?MQ_RUN?SENSOR                                -----    -----      -----    -----
  +--> ?PR?_LCD1602_WRITE_CMD?LCD1602
  +--> ?CO?SENSOR
  +--> ?PR?_LCD1602_WRITE_STRING?LCD1602
  +--> ?PR?_ISENDBYTE?PCF8591
  +--> ?PR?_IRCVBYTE?PCF8591
  +--> ?PR?_SENDCHAR_PC?SENSOR

?PR?HC_HR501_RUN?SENSOR                          -----    -----      -----    -----
  +--> ?PR?_DELAY_MS?DELAY

?PR?AD_SENSOR_RUN?SENSOR                         -----    -----      -----    -----
  +--> ?PR?_LCD1602_WRITE_CMD?LCD1602
  +--> ?PR?_ISENDBYTE?PCF8591
  +--> ?CO?SENSOR
  +--> ?PR?_LCD1602_WRITE_STRING?LCD1602
  +--> ?PR?_IRCVBYTE?PCF8591
  +--> ?PR?_LCD1602_WRITE_CHAR?LCD1602
  +--> ?PR?_SENDCHAR_PC?SENSOR

*** NEW ROOT ***************************************************

?PR?IR_IN?SENSOR                                 -----    -----      0032H    0003H
  +--> ?PR?_LCD1602_WRITE_CMD?LCD1602
  +--> ?CO?SENSOR
  +--> ?PR?_LCD1602_WRITE_STRING?LCD1602
  +--> ?PR?_DELAY_US?DELAY
  +--> ?PR?_LCD1602_WRITE_CHAR?LCD1602
  +--> ?PR?_SENDSTRING_PC?SENSOR

*** NEW ROOT ***************************************************

?C_C51STARTUP                                    -----    -----      -----    -----
  +--> ?PR?MAIN?MAIN
  +--> ?C_INITSEG

?PR?MAIN?MAIN                                    -----    -----      003DH    0001H
  +--> ?PR?LCD1602_INIT?LCD1602
  +--> ?PR?SERIAL_TIMER_INIT?MAIN
  +--> ?PR?MQ_RUN?SENSOR

?PR?LCD1602_INIT?LCD1602                         -----    -----      -----    -----
BL51 BANKED LINKER/LOCATER V6.22                                                      08/10/2018  20:37:18  PAGE 9


  +--> ?PR?_LCD1602_WRITE_CMD?LCD1602
  +--> ?PR?_DELAY_MS?DELAY



SYMBOL TABLE OF MODULE:  .\Objects\MCU_TEST (MAIN)

  VALUE           TYPE          NAME
  ----------------------------------

  -------         MODULE        MAIN
  C:0000H         SYMBOL        _ICE_DUMMY_
  D:0090H         PUBLIC        P1
  D:00B0H         PUBLIC        P3
  B:00A8H.7       PUBLIC        EA
  D:00A8H         PUBLIC        IE
  B:00A8H.4       PUBLIC        ES
  D:00B8H         PUBLIC        IP
  C:1E31H         PUBLIC        T0_proc
  D:0008H         PUBLIC        index
  B:0090H.3       PUBLIC        DCMOTOR
  B:0098H.0       PUBLIC        RI
  B:0020H.0       PUBLIC        flag
  B:0098H.1       PUBLIC        TI
  B:00B0H.6       PUBLIC        hc_hr501
  D:0009H         PUBLIC        data_come
  C:1DB2H         PUBLIC        main
  C:14B8H         PUBLIC        FUNC
  D:0099H         PUBLIC        SBUF
  D:0087H         PUBLIC        PCON
  D:0098H         PUBLIC        SCON
  D:0089H         PUBLIC        TMOD
  D:0088H         PUBLIC        TCON
  C:1CD9H         PUBLIC        Serial_Timer_Init
  B:00A8H.1       PUBLIC        ET0
  D:008CH         PUBLIC        TH0
  B:00A8H.0       PUBLIC        EX0
  B:0088H.0       PUBLIC        IT0
  D:008DH         PUBLIC        TH1
  D:000AH         PUBLIC        is_Start
  D:008AH         PUBLIC        TL0
  D:000BH         PUBLIC        num
  D:008BH         PUBLIC        TL1
  B:0090H.2       PUBLIC        FAN
  B:0090H.0       PUBLIC        LED
  B:0088H.4       PUBLIC        TR0
  B:0088H.6       PUBLIC        TR1
  C:0E39H         PUBLIC        Serail_Proc
  B:0020H.1       PUBLIC        bluetooth
  D:000CH         PUBLIC        a
  B:0090H.1       PUBLIC        BUZZER
  D:00C8H         PUBLIC        T2CON
  B:0020H.2       PUBLIC        refresh
  D:00D0H         PUBLIC        PSW
  -------         PROC          MAIN
  -------         DO            
  D:003DH         SYMBOL        i
BL51 BANKED LINKER/LOCATER V6.22                                                      08/10/2018  20:37:18  PAGE 10


  -------         ENDDO         
  C:1DB2H         LINE#         51
  C:1DB2H         LINE#         52
  C:1DB2H         LINE#         55
  C:1DB4H         LINE#         56
  C:1DB6H         LINE#         57
  C:1DB8H         LINE#         58
  C:1DBAH         LINE#         59
  C:1DBCH         LINE#         61
  C:1DBFH         LINE#         62
  C:1DC2H         LINE#         64
  C:1DC2H         LINE#         65
  C:1DC2H         LINE#         89
  C:1DC5H         LINE#         90
  C:1DC8H         LINE#         112
  -------         ENDPROC       MAIN
  -------         PROC          SERAIL_PROC
  -------         DO            
  D:0021H         SYMBOL        dat
  -------         ENDDO         
  C:0E39H         LINE#         115
  C:0E56H         LINE#         118
  C:0E5CH         LINE#         119
  C:0E5CH         LINE#         120
  C:0E5EH         LINE#         121
  C:0E61H         LINE#         122
  C:0E64H         LINE#         123
  C:0E64H         LINE#         124
  C:0E66H         LINE#         125
  C:0E72H         LINE#         126
  C:0E7BH         LINE#         127
  C:0E81H         LINE#         128
  C:0E81H         LINE#         131
  C:0E85H         LINE#         132
  C:0E85H         LINE#         133
  C:0E87H         LINE#         134
  C:0E8AH         LINE#         135
  C:0E8CH         LINE#         136
  C:0E90H         LINE#         137
  C:0E90H         LINE#         138
  C:0E95H         LINE#         139
  C:0E95H         LINE#         140
  C:0E98H         LINE#         141
  C:0E9BH         LINE#         142
  C:0E9DH         LINE#         144
  C:0E9DH         LINE#         145
  C:0EAAH         LINE#         146
  C:0EAAH         LINE#         148
  C:0EADH         LINE#         149
  C:0EADH         LINE#         150
  C:0EAFH         LINE#         151
  C:0EB4H         LINE#         152
  C:0EB4H         LINE#         153
  C:0EBDH         LINE#         154
  C:0EBDH         LINE#         155
  C:0EC7H         LINE#         156
  C:0ED0H         LINE#         157
BL51 BANKED LINKER/LOCATER V6.22                                                      08/10/2018  20:37:18  PAGE 11


  C:0ED2H         LINE#         159
  C:0ED2H         LINE#         160
  C:0EDCH         LINE#         161
  C:0EDCH         LINE#         162
  C:0EDFH         LINE#         163
  C:0EE4H         LINE#         165
  C:0EE4H         LINE#         166
  C:0EEEH         LINE#         167
  C:0EEEH         LINE#         168
  C:0EEEH         LINE#         169
  C:0EEEH         LINE#         170
  -------         ENDPROC       SERAIL_PROC
  -------         PROC          T0_PROC
  C:1E31H         LINE#         172
  C:1E31H         LINE#         174
  C:1E33H         LINE#         175
  C:1E39H         LINE#         176
  C:1E3BH         LINE#         177
  C:1E3DH         LINE#         178
  -------         ENDPROC       T0_PROC
  -------         PROC          SERIAL_TIMER_INIT
  C:1CD9H         LINE#         179
  C:1CD9H         LINE#         180
  C:1CD9H         LINE#         181
  C:1CDCH         LINE#         184
  C:1CDFH         LINE#         185
  C:1CE2H         LINE#         186
  C:1CE4H         LINE#         187
  C:1CE7H         LINE#         190
  C:1CEBH         LINE#         193
  C:1CEEH         LINE#         196
  C:1CF0H         LINE#         199
  C:1CF2H         LINE#         200
  C:1CF4H         LINE#         201
  C:1CF6H         LINE#         202
  -------         ENDPROC       SERIAL_TIMER_INIT
  -------         ENDMOD        MAIN

  -------         MODULE        IIC
  C:0000H         SYMBOL        _ICE_DUMMY_
  B:0090H.5       PUBLIC        SDA_ADXL345
  D:0090H         PUBLIC        P1
  D:00A0H         PUBLIC        P2
  D:00B0H         PUBLIC        P3
  B:0090H.4       PUBLIC        SCL_ADXL345
  D:00A8H         PUBLIC        IE
  B:00A0H.7       PUBLIC        SDA_BH1750
  D:00B8H         PUBLIC        IP
  B:00A0H.6       PUBLIC        SCL_BH1750
  C:0FCBH         PUBLIC        _SendByte
  B:0020H.5       PUBLIC        ack
  D:0098H         PUBLIC        SCON
  D:0088H         PUBLIC        TCON
  C:1509H         PUBLIC        RcvByte
  C:16A5H         PUBLIC        Ack_I2c
  C:174AH         PUBLIC        Start_I2c
  B:00A0H.1       PUBLIC        SDA
BL51 BANKED LINKER/LOCATER V6.22                                                      08/10/2018  20:37:18  PAGE 12


  B:00A0H.0       PUBLIC        SCL
  C:197CH         PUBLIC        Stop_I2c
  D:00C8H         PUBLIC        T2CON
  D:00D0H         PUBLIC        PSW
  -------         PROC          START_I2C
  C:174AH         LINE#         19
  C:174AH         LINE#         20
  C:174AH         LINE#         21
  C:1750H         LINE#         22
  C:1750H         LINE#         23
  C:1752H         LINE#         24
  C:1753H         LINE#         25
  C:1755H         LINE#         26
  C:1756H         LINE#         27
  C:1757H         LINE#         28
  C:1758H         LINE#         29
  C:1759H         LINE#         30
  C:175AH         LINE#         31
  C:175CH         LINE#         32
  C:175DH         LINE#         33
  C:175EH         LINE#         34
  C:175FH         LINE#         35
  C:1760H         LINE#         36
  C:1761H         LINE#         37
  C:1763H         LINE#         38
  C:1764H         LINE#         39
  C:1765H         LINE#         40
  C:1766H         LINE#         41
  C:176CH         LINE#         42
  C:176CH         LINE#         43
  C:176EH         LINE#         44
  C:176FH         LINE#         45
  C:1771H         LINE#         46
  C:1772H         LINE#         47
  C:1773H         LINE#         48
  C:1774H         LINE#         49
  C:1775H         LINE#         50
  C:1776H         LINE#         51
  C:1778H         LINE#         52
  C:1779H         LINE#         53
  C:177AH         LINE#         54
  C:177BH         LINE#         55
  C:177CH         LINE#         56
  C:177DH         LINE#         57
  C:177FH         LINE#         58
  C:1780H         LINE#         59
  C:1781H         LINE#         60
  C:1782H         LINE#         62
  C:1782H         LINE#         63
  C:1784H         LINE#         64
  C:1785H         LINE#         65
  C:1787H         LINE#         66
  C:1788H         LINE#         67
  C:1789H         LINE#         68
  C:178AH         LINE#         69
  C:178BH         LINE#         70
  C:178CH         LINE#         71
BL51 BANKED LINKER/LOCATER V6.22                                                      08/10/2018  20:37:18  PAGE 13


  C:178EH         LINE#         72
  C:178FH         LINE#         73
  C:1790H         LINE#         74
  C:1791H         LINE#         75
  C:1792H         LINE#         76
  C:1793H         LINE#         77
  C:1795H         LINE#         78
  C:1796H         LINE#         79
  C:1797H         LINE#         80
  C:1797H         LINE#         81
  -------         ENDPROC       START_I2C
  -------         PROC          STOP_I2C
  C:197CH         LINE#         88
  C:197CH         LINE#         89
  C:197CH         LINE#         90
  C:1982H         LINE#         91
  C:1982H         LINE#         92
  C:1984H         LINE#         93
  C:1985H         LINE#         94
  C:1987H         LINE#         95
  C:1988H         LINE#         96
  C:1989H         LINE#         97
  C:198AH         LINE#         98
  C:198BH         LINE#         99
  C:198CH         LINE#         100
  C:198EH         LINE#         101
  C:198EH         LINE#         102
  C:198EH         LINE#         103
  C:198EH         LINE#         104
  C:198EH         LINE#         105
  C:1990H         LINE#         106
  C:1996H         LINE#         107
  C:1996H         LINE#         108
  C:1998H         LINE#         109
  C:1999H         LINE#         110
  C:199BH         LINE#         111
  C:199CH         LINE#         112
  C:199DH         LINE#         113
  C:199EH         LINE#         114
  C:199FH         LINE#         115
  C:19A0H         LINE#         116
  C:19A2H         LINE#         117
  C:19A2H         LINE#         118
  C:19A2H         LINE#         119
  C:19A2H         LINE#         120
  C:19A2H         LINE#         121
  C:19A4H         LINE#         123
  C:19A4H         LINE#         124
  C:19A6H         LINE#         125
  C:19A7H         LINE#         126
  C:19A9H         LINE#         127
  C:19AAH         LINE#         128
  C:19ABH         LINE#         129
  C:19ACH         LINE#         130
  C:19ADH         LINE#         131
  C:19AEH         LINE#         132
  C:19B0H         LINE#         133
BL51 BANKED LINKER/LOCATER V6.22                                                      08/10/2018  20:37:18  PAGE 14


  C:19B1H         LINE#         134
  C:19B2H         LINE#         135
  C:19B3H         LINE#         136
  C:19B4H         LINE#         137
  C:19B4H         LINE#         138
  -------         ENDPROC       STOP_I2C
  -------         PROC          _SENDBYTE
  D:0007H         SYMBOL        c
  -------         DO            
  D:0006H         SYMBOL        BitCnt
  -------         ENDDO         
  C:0FCBH         LINE#         147
  C:0FCBH         LINE#         148
  C:0FCBH         LINE#         150
  C:0FD1H         LINE#         151
  C:0FD1H         LINE#         152
  C:0FD2H         LINE#         153
  C:0FD2H         LINE#         154
  C:0FE3H         LINE#         155
  C:0FE5H         LINE#         156
  C:0FE6H         LINE#         157
  C:0FE8H         LINE#         158
  C:0FE9H         LINE#         159
  C:0FEAH         LINE#         160
  C:0FEBH         LINE#         161
  C:0FECH         LINE#         162
  C:0FEDH         LINE#         163
  C:0FEFH         LINE#         164
  C:0FF3H         LINE#         166
  C:0FF4H         LINE#         167
  C:0FF5H         LINE#         168
  C:0FF7H         LINE#         169
  C:0FF8H         LINE#         170
  C:0FF9H         LINE#         171
  C:0FFBH         LINE#         172
  C:0FFCH         LINE#         173
  C:0FFDH         LINE#         174
  C:0FFEH         LINE#         175
  C:1005H         LINE#         176
  C:1007H         LINE#         177
  C:1009H         LINE#         178
  C:100AH         LINE#         179
  C:100BH         LINE#         180
  C:100CH         LINE#         181
  C:1012H         LINE#         182
  C:1012H         LINE#         183
  C:1013H         LINE#         184
  C:1013H         LINE#         185
  C:1024H         LINE#         186
  C:1026H         LINE#         187
  C:1027H         LINE#         188
  C:1029H         LINE#         189
  C:102AH         LINE#         190
  C:102BH         LINE#         191
  C:102CH         LINE#         192
  C:102DH         LINE#         193
  C:102EH         LINE#         194
BL51 BANKED LINKER/LOCATER V6.22                                                      08/10/2018  20:37:18  PAGE 15


  C:1030H         LINE#         195
  C:1034H         LINE#         197
  C:1035H         LINE#         198
  C:1036H         LINE#         199
  C:1038H         LINE#         200
  C:1039H         LINE#         201
  C:103AH         LINE#         202
  C:103CH         LINE#         203
  C:103DH         LINE#         204
  C:103EH         LINE#         205
  C:103FH         LINE#         206
  C:1046H         LINE#         207
  C:1048H         LINE#         208
  C:104AH         LINE#         209
  C:104BH         LINE#         210
  C:104CH         LINE#         211
  C:104DH         LINE#         213
  C:104DH         LINE#         214
  C:104FH         LINE#         215
  C:104FH         LINE#         216
  C:1060H         LINE#         217
  C:1062H         LINE#         218
  C:1063H         LINE#         219
  C:1065H         LINE#         220
  C:1066H         LINE#         221
  C:1067H         LINE#         222
  C:1068H         LINE#         223
  C:1069H         LINE#         224
  C:106AH         LINE#         225
  C:106CH         LINE#         226
  C:1070H         LINE#         228
  C:1071H         LINE#         229
  C:1072H         LINE#         230
  C:1074H         LINE#         231
  C:1075H         LINE#         232
  C:1076H         LINE#         233
  C:1078H         LINE#         234
  C:1079H         LINE#         235
  C:107AH         LINE#         236
  C:107BH         LINE#         237
  C:1082H         LINE#         238
  C:1084H         LINE#         239
  C:1086H         LINE#         240
  C:1087H         LINE#         241
  C:1088H         LINE#         242
  C:1088H         LINE#         243
  -------         ENDPROC       _SENDBYTE
  -------         PROC          RCVBYTE
  -------         DO            
  D:0006H         SYMBOL        retc
  D:0007H         SYMBOL        BitCnt
  -------         ENDDO         
  C:1509H         LINE#         251
  C:1509H         LINE#         252
  C:1509H         LINE#         255
  C:150FH         LINE#         256
  C:150FH         LINE#         257
BL51 BANKED LINKER/LOCATER V6.22                                                      08/10/2018  20:37:18  PAGE 16


  C:1510H         LINE#         258
  C:1512H         LINE#         259
  C:1513H         LINE#         260
  C:1513H         LINE#         261
  C:1514H         LINE#         262
  C:1516H         LINE#         263
  C:1517H         LINE#         264
  C:1518H         LINE#         265
  C:1519H         LINE#         266
  C:151AH         LINE#         267
  C:151BH         LINE#         268
  C:151DH         LINE#         269
  C:151EH         LINE#         270
  C:151FH         LINE#         271
  C:1523H         LINE#         272
  C:1527H         LINE#         273
  C:1528H         LINE#         274
  C:1529H         LINE#         275
  C:152DH         LINE#         276
  C:152FH         LINE#         277
  C:152FH         LINE#         278
  C:152FH         LINE#         279
  C:1531H         LINE#         280
  C:1531H         LINE#         281
  C:1537H         LINE#         282
  C:1537H         LINE#         283
  C:1538H         LINE#         284
  C:153AH         LINE#         285
  C:153BH         LINE#         286
  C:153BH         LINE#         287
  C:153CH         LINE#         288
  C:153EH         LINE#         289
  C:153FH         LINE#         290
  C:1540H         LINE#         291
  C:1541H         LINE#         292
  C:1542H         LINE#         293
  C:1543H         LINE#         294
  C:1545H         LINE#         295
  C:1546H         LINE#         296
  C:1547H         LINE#         297
  C:154BH         LINE#         298
  C:154FH         LINE#         299
  C:1550H         LINE#         300
  C:1551H         LINE#         301
  C:1555H         LINE#         302
  C:1557H         LINE#         303
  C:1557H         LINE#         304
  C:1557H         LINE#         305
  C:1559H         LINE#         306
  C:1559H         LINE#         308
  C:1559H         LINE#         309
  C:155BH         LINE#         310
  C:155DH         LINE#         311
  C:155EH         LINE#         312
  C:155EH         LINE#         313
  C:155FH         LINE#         314
  C:1561H         LINE#         315
BL51 BANKED LINKER/LOCATER V6.22                                                      08/10/2018  20:37:18  PAGE 17


  C:1562H         LINE#         316
  C:1563H         LINE#         317
  C:1564H         LINE#         318
  C:1565H         LINE#         319
  C:1566H         LINE#         320
  C:1568H         LINE#         321
  C:1569H         LINE#         322
  C:156AH         LINE#         323
  C:156EH         LINE#         324
  C:1572H         LINE#         325
  C:1573H         LINE#         326
  C:1574H         LINE#         327
  C:1578H         LINE#         328
  C:157AH         LINE#         329
  C:157BH         LINE#         330
  C:157CH         LINE#         331
  C:157EH         LINE#         332
  C:157EH         LINE#         333
  -------         ENDPROC       RCVBYTE
  -------         PROC          ACK_I2C
  B:0020H.4       SYMBOL        a
  C:16A5H         LINE#         340
  C:16A5H         LINE#         341
  C:16A5H         LINE#         342
  C:16ABH         LINE#         343
  C:16ABH         LINE#         344
  C:16B2H         LINE#         345
  C:16B4H         LINE#         346
  C:16B5H         LINE#         347
  C:16B6H         LINE#         348
  C:16B7H         LINE#         349
  C:16B9H         LINE#         350
  C:16BAH         LINE#         351
  C:16BBH         LINE#         352
  C:16BCH         LINE#         353
  C:16BDH         LINE#         354
  C:16BEH         LINE#         355
  C:16C0H         LINE#         356
  C:16C1H         LINE#         357
  C:16C2H         LINE#         358
  C:16C3H         LINE#         359
  C:16C9H         LINE#         360
  C:16C9H         LINE#         361
  C:16D0H         LINE#         362
  C:16D2H         LINE#         363
  C:16D3H         LINE#         364
  C:16D4H         LINE#         365
  C:16D5H         LINE#         366
  C:16D7H         LINE#         367
  C:16D8H         LINE#         368
  C:16D9H         LINE#         369
  C:16DAH         LINE#         370
  C:16DBH         LINE#         371
  C:16DCH         LINE#         372
  C:16DEH         LINE#         373
  C:16DFH         LINE#         374
  C:16E0H         LINE#         375
BL51 BANKED LINKER/LOCATER V6.22                                                      08/10/2018  20:37:18  PAGE 18


  C:16E1H         LINE#         377
  C:16E1H         LINE#         378
  C:16E8H         LINE#         379
  C:16EAH         LINE#         380
  C:16EBH         LINE#         381
  C:16ECH         LINE#         382
  C:16EDH         LINE#         383
  C:16EFH         LINE#         384
  C:16F0H         LINE#         385
  C:16F1H         LINE#         386
  C:16F2H         LINE#         387
  C:16F3H         LINE#         388
  C:16F4H         LINE#         389
  C:16F6H         LINE#         390
  C:16F7H         LINE#         391
  C:16F8H         LINE#         392
  C:16F8H         LINE#         393
  -------         ENDPROC       ACK_I2C
  -------         ENDMOD        IIC

  -------         MODULE        LCD1602
  C:0000H         SYMBOL        _ICE_DUMMY_
  D:0080H         PUBLIC        P0
  D:0090H         PUBLIC        P1
  D:00A0H         PUBLIC        P2
  D:00B0H         PUBLIC        P3
  C:18BAH         PUBLIC        _lcd1602_write_string
  C:1D80H         PUBLIC        _lcd1602_write_data
  D:00A8H         PUBLIC        IE
  C:1D31H         PUBLIC        _lcd1602_write_char
  C:1A89H         PUBLIC        lcd1602_init
  D:00B8H         PUBLIC        IP
  C:1D67H         PUBLIC        _lcd1602_write_cmd
  B:00A0H.3       PUBLIC        lcd1602_en
  D:0098H         PUBLIC        SCON
  D:0088H         PUBLIC        TCON
  B:00A0H.5       PUBLIC        lcd1602_rs
  B:00A0H.4       PUBLIC        lcd1602_rw
  C:16F9H         PUBLIC        _lcd1602_display_data
  D:00C8H         PUBLIC        T2CON
  D:00D0H         PUBLIC        PSW
  -------         PROC          _LCD1602_WRITE_CMD
  D:0007H         SYMBOL        cmd
  C:1D67H         LINE#         11
  C:1D67H         LINE#         12
  C:1D67H         LINE#         13
  C:1D69H         LINE#         14
  C:1D6BH         LINE#         15
  C:1D6DH         LINE#         16
  C:1D74H         LINE#         17
  C:1D76H         LINE#         18
  C:1D7DH         LINE#         19
  C:1D7FH         LINE#         20
  -------         ENDPROC       _LCD1602_WRITE_CMD
  -------         PROC          _LCD1602_WRITE_DATA
  D:0007H         SYMBOL        dat
  C:1D80H         LINE#         22
BL51 BANKED LINKER/LOCATER V6.22                                                      08/10/2018  20:37:18  PAGE 19


  C:1D80H         LINE#         23
  C:1D80H         LINE#         24
  C:1D82H         LINE#         25
  C:1D84H         LINE#         26
  C:1D86H         LINE#         27
  C:1D8DH         LINE#         28
  C:1D8FH         LINE#         29
  C:1D96H         LINE#         30
  C:1D98H         LINE#         32
  -------         ENDPROC       _LCD1602_WRITE_DATA
  -------         PROC          LCD1602_INIT
  C:1A89H         LINE#         34
  C:1A89H         LINE#         35
  C:1A89H         LINE#         36
  C:1A8BH         LINE#         37
  C:1A90H         LINE#         38
  C:1A97H         LINE#         39
  C:1A9CH         LINE#         40
  C:1AA3H         LINE#         41
  C:1AA8H         LINE#         42
  C:1AAFH         LINE#         43
  C:1AB4H         LINE#         44
  -------         ENDPROC       LCD1602_INIT
  -------         PROC          _LCD1602_WRITE_CHAR
  D:0007H         SYMBOL        x
  D:0005H         SYMBOL        y
  D:0035H         SYMBOL        dat
  -------         DO            
  D:0036H         SYMBOL        address
  -------         ENDDO         
  C:1D31H         LINE#         47
  C:1D33H         LINE#         48
  C:1D33H         LINE#         50
  C:1D36H         LINE#         51
  C:1D3DH         LINE#         53
  C:1D42H         LINE#         54
  C:1D47H         LINE#         55
  -------         ENDPROC       _LCD1602_WRITE_CHAR
  -------         PROC          _LCD1602_WRITE_STRING
  D:0007H         SYMBOL        x
  D:0005H         SYMBOL        y
  D:003FH         SYMBOL        dat
  -------         DO            
  D:0042H         SYMBOL        address
  -------         ENDDO         
  C:18BAH         LINE#         58
  C:18C0H         LINE#         59
  C:18C0H         LINE#         61
  C:18C3H         LINE#         62
  C:18CAH         LINE#         63
  C:18CDH         LINE#         64
  C:18D2H         LINE#         65
  C:18D7H         LINE#         66
  C:18E6H         LINE#         67
  C:18E6H         LINE#         68
  C:18E9H         LINE#         69
  C:18F4H         LINE#         70
BL51 BANKED LINKER/LOCATER V6.22                                                      08/10/2018  20:37:18  PAGE 20


  C:18FBH         LINE#         71
  C:18FDH         LINE#         72
  -------         ENDPROC       _LCD1602_WRITE_STRING
  -------         PROC          _LCD1602_DISPLAY_DATA
  D:004BH         SYMBOL        str
  D:004EH         SYMBOL        dat
  C:16F9H         LINE#         74
  C:1701H         LINE#         75
  C:1701H         LINE#         76
  C:1706H         LINE#         77
  C:1712H         LINE#         78
  C:1722H         LINE#         79
  C:1738H         LINE#         80
  -------         ENDPROC       _LCD1602_DISPLAY_DATA
  -------         ENDMOD        LCD1602

  -------         MODULE        PCF8591
  C:0000H         SYMBOL        _ICE_DUMMY_
  D:0090H         PUBLIC        P1
  D:00A0H         PUBLIC        P2
  D:00B0H         PUBLIC        P3
  B:00A8H.7       PUBLIC        EA
  C:1BEFH         PUBLIC        _IRcvByte
  D:00A8H         PUBLIC        IE
  C:1B78H         PUBLIC        _DACconversion
  B:00A8H.4       PUBLIC        ES
  D:00B8H         PUBLIC        IP
  D:0087H         PUBLIC        PCON
  D:0098H         PUBLIC        SCON
  D:0089H         PUBLIC        TMOD
  D:0088H         PUBLIC        TCON
  B:00A8H.3       PUBLIC        ET1
  D:008DH         PUBLIC        TH1
  D:008BH         PUBLIC        TL1
  B:0088H.6       PUBLIC        TR1
  D:00C8H         PUBLIC        T2CON
  C:1CB9H         PUBLIC        _ISendByte
  C:1DCAH         PUBLIC        Initial_com
  D:00D0H         PUBLIC        PSW
  -------         PROC          _DACCONVERSION
  D:004FH         SYMBOL        sla
  D:0050H         SYMBOL        c
  D:0051H         SYMBOL        Val
  C:1B78H         LINE#         8
  C:1B7EH         LINE#         9
  C:1B7EH         LINE#         10
  C:1B81H         LINE#         11
  C:1B86H         LINE#         12
  C:1B8BH         LINE#         13
  C:1B90H         LINE#         14
  C:1B95H         LINE#         15
  C:1B9AH         LINE#         16
  C:1B9FH         LINE#         17
  C:1BA2H         LINE#         18
  C:1BA3H         LINE#         19
  -------         ENDPROC       _DACCONVERSION
  -------         PROC          _ISENDBYTE
BL51 BANKED LINKER/LOCATER V6.22                                                      08/10/2018  20:37:18  PAGE 21


  D:003EH         SYMBOL        sla
  D:003FH         SYMBOL        c
  C:1CB9H         LINE#         24
  C:1CBDH         LINE#         25
  C:1CBDH         LINE#         26
  C:1CC0H         LINE#         27
  C:1CC5H         LINE#         28
  C:1CCAH         LINE#         29
  C:1CCFH         LINE#         30
  C:1CD4H         LINE#         31
  C:1CD7H         LINE#         32
  C:1CD8H         LINE#         33
  -------         ENDPROC       _ISENDBYTE
  -------         PROC          _IRCVBYTE
  D:003EH         SYMBOL        sla
  -------         DO            
  D:003FH         SYMBOL        c
  -------         ENDDO         
  C:1BEFH         LINE#         38
  C:1BF1H         LINE#         39
  C:1BF1H         LINE#         41
  C:1BF4H         LINE#         42
  C:1BFBH         LINE#         43
  C:1C01H         LINE#         44
  C:1C06H         LINE#         45
  C:1C0BH         LINE#         46
  C:1C0EH         LINE#         47
  C:1C10H         LINE#         48
  -------         ENDPROC       _IRCVBYTE
  -------         PROC          INITIAL_COM
  C:1DCAH         LINE#         54
  C:1DCAH         LINE#         55
  C:1DCAH         LINE#         56
  C:1DCCH         LINE#         57
  C:1DCEH         LINE#         58
  C:1DD0H         LINE#         59
  C:1DD3H         LINE#         60
  C:1DD6H         LINE#         61
  C:1DD9H         LINE#         62
  C:1DDCH         LINE#         63
  C:1DDFH         LINE#         64
  C:1DE1H         LINE#         65
  -------         ENDPROC       INITIAL_COM
  -------         ENDMOD        PCF8591

  -------         MODULE        DELAY
  C:0000H         SYMBOL        _ICE_DUMMY_
  D:0090H         PUBLIC        P1
  D:00B0H         PUBLIC        P3
  D:00A8H         PUBLIC        IE
  D:00B8H         PUBLIC        IP
  C:1C11H         PUBLIC        _Delay_ms
  D:0098H         PUBLIC        SCON
  D:0088H         PUBLIC        TCON
  C:1E91H         PUBLIC        _Delay_us
  D:00C8H         PUBLIC        T2CON
  D:00D0H         PUBLIC        PSW
BL51 BANKED LINKER/LOCATER V6.22                                                      08/10/2018  20:37:18  PAGE 22


  -------         PROC          _DELAY_MS
  D:0006H         SYMBOL        z
  -------         DO            
  D:0004H         SYMBOL        x
  D:0002H         SYMBOL        y
  -------         ENDDO         
  C:1C11H         LINE#         4
  C:1C11H         LINE#         5
  C:1C11H         LINE#         6
  C:1C11H         LINE#         7
  C:1C1EH         LINE#         8
  C:1C32H         LINE#         9
  -------         ENDPROC       _DELAY_MS
  -------         PROC          _DELAY_US
  D:0007H         SYMBOL        n
  C:1E91H         LINE#         10
  C:1E91H         LINE#         11
  C:1E91H         LINE#         12
  C:1E97H         LINE#         13
  C:1E9AH         LINE#         14
  -------         ENDPROC       _DELAY_US
  -------         ENDMOD        DELAY

  -------         MODULE        7SEG
  C:0000H         SYMBOL        _ICE_DUMMY_
  B:00B0H.5       PUBLIC        LS138B
  B:00B0H.6       PUBLIC        LS138C
  D:0080H         PUBLIC        P0
  D:0090H         PUBLIC        P1
  D:00B0H         PUBLIC        P3
  D:00A8H         PUBLIC        IE
  D:00B8H         PUBLIC        IP
  C:1089H         PUBLIC        _Display_NUM
  C:1E7BH         PUBLIC        led_data
  D:0098H         PUBLIC        SCON
  D:0088H         PUBLIC        TCON
  D:00C8H         PUBLIC        T2CON
  D:00D0H         PUBLIC        PSW
  B:00B0H.4       PUBLIC        LS138A
  -------         PROC          _DISPLAY_NUM
  D:0022H         SYMBOL        n
  -------         DO            
  D:0026H         SYMBOL        i
  -------         ENDDO         
  C:1089H         LINE#         9
  C:1091H         LINE#         10
  C:1091H         LINE#         12
  C:1094H         LINE#         13
  C:1094H         LINE#         14
  C:1097H         LINE#         15
  C:10BDH         LINE#         16
  C:10BDH         LINE#         17
  C:10C1H         LINE#         18
  C:10C9H         LINE#         19
  C:10CDH         LINE#         20
  C:10D5H         LINE#         21
  C:10D9H         LINE#         22
BL51 BANKED LINKER/LOCATER V6.22                                                      08/10/2018  20:37:18  PAGE 23


  C:10E1H         LINE#         23
  C:10E5H         LINE#         24
  C:10EBH         LINE#         25
  C:10EBH         LINE#         26
  C:10F2H         LINE#         27
  C:1111H         LINE#         28
  C:1118H         LINE#         29
  C:1131H         LINE#         31
  C:113DH         LINE#         32
  -------         ENDPROC       _DISPLAY_NUM
  -------         ENDMOD        7SEG

  -------         MODULE        WIFI
  C:0000H         SYMBOL        _ICE_DUMMY_
  D:0090H         PUBLIC        P1
  D:00B0H         PUBLIC        P3
  C:1DE2H         PUBLIC        _Wifi_Send_Int
  D:00A8H         PUBLIC        IE
  D:00B8H         PUBLIC        IP
  B:0098H.1       PUBLIC        TI
  C:1BA4H         PUBLIC        Wifi_init
  D:0099H         PUBLIC        SBUF
  D:0098H         PUBLIC        SCON
  D:0088H         PUBLIC        TCON
  C:1942H         PUBLIC        _Wifi_Send_String
  C:1874H         PUBLIC        send1
  C:1885H         PUBLIC        send2
  C:1DF9H         PUBLIC        _Wifi_Send_Char
  C:1896H         PUBLIC        start1
  C:18A4H         PUBLIC        start2
  C:1D1BH         PUBLIC        _Send_String
  D:00C8H         PUBLIC        T2CON
  C:1650H         PUBLIC        _Wifi_Send_Long
  D:00D0H         PUBLIC        PSW
  C:1D15H         SYMBOL        L?0031
  -------         PROC          L?0030
  -------         ENDPROC       L?0030
  C:1D15H         SYMBOL        L?0031
  -------         PROC          _SEND_STRING
  D:0001H         SYMBOL        string
  C:1D1BH         LINE#         7
  C:1D1BH         LINE#         8
  C:1D1BH         LINE#         9
  C:1D20H         LINE#         10
  C:1D20H         LINE#         11
  C:1D22H         LINE#         12
  C:1D25H         LINE#         13
  C:1D27H         LINE#         14
  C:1D2EH         LINE#         15
  C:1D30H         LINE#         16
  -------         ENDPROC       _SEND_STRING
  -------         PROC          WIFI_INIT
  C:1BA4H         LINE#         17
  C:1BA4H         LINE#         18
  C:1BA4H         LINE#         19
  C:1BABH         LINE#         20
  C:1BB4H         LINE#         21
BL51 BANKED LINKER/LOCATER V6.22                                                      08/10/2018  20:37:18  PAGE 24


  C:1BBBH         LINE#         22
  C:1BC4H         LINE#         23
  -------         ENDPROC       WIFI_INIT
  -------         PROC          _WIFI_SEND_CHAR
  D:0006H         SYMBOL        dat
  C:1DF9H         LINE#         26
  C:1DFBH         LINE#         27
  C:1DFBH         LINE#         28
  C:1E04H         LINE#         29
  C:1E06H         LINE#         30
  C:1E09H         LINE#         31
  C:1E0BH         LINE#         32
  -------         ENDPROC       _WIFI_SEND_CHAR
  -------         PROC          _WIFI_SEND_INT
  D:0004H         SYMBOL        dat
  C:1DE2H         LINE#         33
  C:1DE6H         LINE#         34
  C:1DE6H         LINE#         35
  C:1DE9H         LINE#         36
  C:1DEBH         LINE#         37
  C:1DEEH         LINE#         38
  C:1DF0H         LINE#         40
  C:1DF3H         LINE#         41
  C:1DF6H         LINE#         42
  C:1DF8H         LINE#         43
  -------         ENDPROC       _WIFI_SEND_INT
  -------         PROC          _WIFI_SEND_LONG
  D:002EH         SYMBOL        dat
  C:1650H         LINE#         44
  C:1658H         LINE#         45
  C:1658H         LINE#         46
  C:165BH         LINE#         47
  C:166AH         LINE#         48
  C:166DH         LINE#         49
  C:166FH         LINE#         50
  C:167EH         LINE#         51
  C:1681H         LINE#         52
  C:1683H         LINE#         53
  C:1686H         LINE#         54
  C:1695H         LINE#         55
  C:1698H         LINE#         56
  C:169AH         LINE#         57
  C:169FH         LINE#         58
  C:16A2H         LINE#         59
  C:16A4H         LINE#         60
  -------         ENDPROC       _WIFI_SEND_LONG
  -------         PROC          _WIFI_SEND_STRING
  D:0039H         SYMBOL        dat
  -------         DO            
  D:0006H         SYMBOL        i
  -------         ENDDO         
  C:1942H         LINE#         61
  C:1948H         LINE#         62
  C:1948H         LINE#         64
  C:195AH         LINE#         65
  C:195AH         LINE#         66
  C:1963H         LINE#         67
BL51 BANKED LINKER/LOCATER V6.22                                                      08/10/2018  20:37:18  PAGE 25


  C:1973H         LINE#         68
  C:1976H         LINE#         69
  C:1978H         LINE#         70
  C:197BH         LINE#         71
  -------         ENDPROC       _WIFI_SEND_STRING
  -------         ENDMOD        WIFI

  -------         MODULE        DS18B20
  C:0000H         SYMBOL        _ICE_DUMMY_
  D:0090H         PUBLIC        P1
  D:00B0H         PUBLIC        P3
  C:1EA5H         PUBLIC        _TempDelay
  D:00A8H         PUBLIC        IE
  D:0052H         PUBLIC        tflag
  D:00B8H         PUBLIC        IP
  C:1E3EH         PUBLIC        ds_change
  D:0098H         PUBLIC        SCON
  D:0088H         PUBLIC        TCON
  C:11DEH         PUBLIC        _Display_Temperature
  B:00B0H.7       PUBLIC        ds
  C:15EDH         PUBLIC        get_temperature
  C:1C33H         PUBLIC        ds_reset
  D:0053H         PUBLIC        d
  D:00C8H         PUBLIC        T2CON
  C:1D4CH         PUBLIC        ds_read_byte
  C:1E0CH         PUBLIC        ds_read_bit
  D:00D0H         PUBLIC        PSW
  C:1C55H         PUBLIC        _ds_write_byte
  -------         PROC          _TEMPDELAY
  D:0007H         SYMBOL        us
  C:1EA5H         LINE#         10
  C:1EA5H         LINE#         11
  C:1EA5H         LINE#         12
  C:1EABH         LINE#         13
  -------         ENDPROC       _TEMPDELAY
  -------         PROC          DS_RESET
  C:1C33H         LINE#         20
  C:1C33H         LINE#         21
  C:1C33H         LINE#         22
  C:1C35H         LINE#         23
  C:1C36H         LINE#         24
  C:1C38H         LINE#         25
  C:1C3DH         LINE#         26
  C:1C3FH         LINE#         27
  C:1C44H         LINE#         28
  C:1C47H         LINE#         29
  C:1C4BH         LINE#         31
  C:1C4DH         LINE#         32
  C:1C52H         LINE#         33
  C:1C54H         LINE#         34
  -------         ENDPROC       DS_RESET
  -------         PROC          DS_READ_BIT
  -------         DO            
  B:0020H.3       SYMBOL        dat
  -------         ENDDO         
  C:1E0CH         LINE#         41
  C:1E0CH         LINE#         42
BL51 BANKED LINKER/LOCATER V6.22                                                      08/10/2018  20:37:18  PAGE 26


  C:1E0CH         LINE#         44
  C:1E0EH         LINE#         45
  C:1E0FH         LINE#         46
  C:1E10H         LINE#         47
  C:1E12H         LINE#         48
  C:1E13H         LINE#         49
  C:1E17H         LINE#         50
  C:1E1CH         LINE#         51
  C:1E1EH         LINE#         52
  -------         ENDPROC       DS_READ_BIT
  -------         PROC          DS_READ_BYTE
  -------         DO            
  D:0004H         SYMBOL        i
  D:0007H         SYMBOL        j
  D:0005H         SYMBOL        value
  -------         ENDDO         
  C:1D4CH         LINE#         59
  C:1D4CH         LINE#         60
  C:1D4CH         LINE#         62
  C:1D4EH         LINE#         63
  C:1D4EH         LINE#         64
  C:1D54H         LINE#         65
  C:1D60H         LINE#         66
  C:1D64H         LINE#         67
  C:1D66H         LINE#         68
  -------         ENDPROC       DS_READ_BYTE
  -------         PROC          _DS_WRITE_BYTE
  D:0005H         SYMBOL        dat
  -------         DO            
  D:0004H         SYMBOL        i
  D:0007H         SYMBOL        onebit
  -------         ENDDO         
  C:1C55H         LINE#         75
  C:1C57H         LINE#         76
  C:1C57H         LINE#         78
  C:1C59H         LINE#         79
  C:1C59H         LINE#         80
  C:1C5CH         LINE#         81
  C:1C5EH         LINE#         82
  C:1C5EH         LINE#         83
  C:1C60H         LINE#         84
  C:1C62H         LINE#         85
  C:1C62H         LINE#         86
  C:1C62H         LINE#         87
  C:1C64H         LINE#         89
  C:1C64H         LINE#         90
  C:1C66H         LINE#         91
  C:1C6BH         LINE#         92
  C:1C6DH         LINE#         93
  C:1C6EH         LINE#         94
  C:1C6EH         LINE#         95
  C:1C72H         LINE#         96
  C:1C76H         LINE#         97
  -------         ENDPROC       _DS_WRITE_BYTE
  -------         PROC          DS_CHANGE
  C:1E3EH         LINE#         98
  C:1E3EH         LINE#         99
BL51 BANKED LINKER/LOCATER V6.22                                                      08/10/2018  20:37:18  PAGE 27


  C:1E3EH         LINE#         100
  C:1E41H         LINE#         101
  C:1E46H         LINE#         102
  -------         ENDPROC       DS_CHANGE
  -------         PROC          GET_TEMPERATURE
  -------         DO            
  D:0003H         SYMBOL        TMPL
  D:0007H         SYMBOL        TMPH
  D:0022H         SYMBOL        temperature
  -------         ENDDO         
  C:15EDH         LINE#         110
  C:15EDH         LINE#         111
  C:15EDH         LINE#         114
  C:15F0H         LINE#         115
  C:15F5H         LINE#         116
  C:15FAH         LINE#         117
  C:15FFH         LINE#         118
  C:1602H         LINE#         119
  C:1607H         LINE#         120
  C:160EH         LINE#         121
  C:1614H         LINE#         122
  C:162DH         LINE#         123
  C:164FH         LINE#         124
  C:164FH         LINE#         125
  -------         ENDPROC       GET_TEMPERATURE
  -------         PROC          _DISPLAY_TEMPERATURE
  D:0022H         SYMBOL        d
  C:11DEH         LINE#         126
  C:11E2H         LINE#         127
  C:11E2H         LINE#         128
  C:11E6H         LINE#         129
  C:11E6H         LINE#         130
  C:11E8H         LINE#         131
  C:11EAH         LINE#         133
  C:11EAH         LINE#         134
  C:11F3H         LINE#         135
  C:11F3H         LINE#         136
  C:1209H         LINE#         137
  C:122CH         LINE#         138
  C:124FH         LINE#         139
  C:1258H         LINE#         140
  -------         ENDPROC       _DISPLAY_TEMPERATURE
  -------         ENDMOD        DS18B20

  -------         MODULE        ELECTRONIC_SCALE
  C:0000H         SYMBOL        _ICE_DUMMY_
  D:0090H         PUBLIC        P1
  D:00B0H         PUBLIC        P3
  D:00A8H         PUBLIC        IE
  B:0090H.7       PUBLIC        ADDO
  D:00B8H         PUBLIC        IP
  B:0090H.6       PUBLIC        ADSK
  D:0018H         PUBLIC        first
  D:0098H         PUBLIC        SCON
  D:0088H         PUBLIC        TCON
  C:19EEH         PUBLIC        ElectronicScalse_ReadCount
  D:00C8H         PUBLIC        T2CON
BL51 BANKED LINKER/LOCATER V6.22                                                      08/10/2018  20:37:18  PAGE 28


  D:00D0H         PUBLIC        PSW
  D:001CH         PUBLIC        Data
  -------         PROC          ELECTRONICSCALSE_READCOUNT
  -------         DO            
  D:0004H         SYMBOL        Count
  D:0003H         SYMBOL        i
  -------         ENDDO         
  C:19EEH         LINE#         6
  C:19EEH         LINE#         7
  C:19EEH         LINE#         10
  C:19F0H         LINE#         11
  C:19F8H         LINE#         12
  C:19FBH         LINE#         13
  C:19FDH         LINE#         14
  C:19FDH         LINE#         15
  C:19FFH         LINE#         16
  C:1A0FH         LINE#         17
  C:1A11H         LINE#         18
  C:1A16H         LINE#         19
  C:1A1AH         LINE#         20
  C:1A1CH         LINE#         21
  C:1A20H         LINE#         22
  C:1A22H         LINE#         23
  C:1A22H         LINE#         24
  -------         ENDPROC       ELECTRONICSCALSE_READCOUNT
  -------         ENDMOD        ELECTRONIC_SCALE

  -------         MODULE        ADXL345
  C:0000H         SYMBOL        _ICE_DUMMY_
  D:0090H         PUBLIC        P1
  D:00A0H         PUBLIC        P2
  D:00B0H         PUBLIC        P3
  D:00A8H         PUBLIC        IE
  D:00B8H         PUBLIC        IP
  D:0098H         PUBLIC        SCON
  D:0088H         PUBLIC        TCON
  C:1AEDH         PUBLIC        ADXL345_Init
  C:1B1EH         PUBLIC        ADXL345_Display_xyz
  C:182DH         PUBLIC        ADXL345_Read_Multiple
  C:0BC3H         PUBLIC        _ADXL345_Display_x
  C:0C95H         PUBLIC        _ADXL345_Display_y
  C:0D67H         PUBLIC        _ADXL345_Display_z
  D:0043H         PUBLIC        BUF
  D:00C8H         PUBLIC        T2CON
  D:00D0H         PUBLIC        PSW
  C:1D99H         PUBLIC        _ADXL345_Write_Single
  -------         PROC          _ADXL345_WRITE_SINGLE
  D:0022H         SYMBOL        REG_Address
  D:0023H         SYMBOL        REG_data
  C:1D99H         LINE#         6
  C:1D9DH         LINE#         7
  C:1D9DH         LINE#         8
  C:1DA0H         LINE#         9
  C:1DA5H         LINE#         10
  C:1DAAH         LINE#         11
  C:1DAFH         LINE#         12
  -------         ENDPROC       _ADXL345_WRITE_SINGLE
BL51 BANKED LINKER/LOCATER V6.22                                                      08/10/2018  20:37:18  PAGE 29


  -------         PROC          ADXL345_INIT
  C:1AEDH         LINE#         14
  C:1AEDH         LINE#         15
  C:1AEDH         LINE#         16
  C:1AF4H         LINE#         17
  C:1AFBH         LINE#         18
  C:1B02H         LINE#         19
  C:1B09H         LINE#         20
  C:1B10H         LINE#         21
  C:1B17H         LINE#         22
  -------         ENDPROC       ADXL345_INIT
  -------         PROC          ADXL345_READ_MULTIPLE
  -------         DO            
  D:0022H         SYMBOL        i
  -------         ENDDO         
  C:182DH         LINE#         25
  C:182DH         LINE#         26
  C:182DH         LINE#         28
  C:1830H         LINE#         29
  C:1835H         LINE#         30
  C:183AH         LINE#         31
  C:183DH         LINE#         32
  C:1842H         LINE#         33
  C:1845H         LINE#         34
  C:1845H         LINE#         35
  C:184FH         LINE#         36
  C:1854H         LINE#         37
  C:1854H         LINE#         38
  C:1856H         LINE#         39
  C:1858H         LINE#         41
  C:1858H         LINE#         42
  C:185DH         LINE#         43
  C:185DH         LINE#         44
  C:1866H         LINE#         45
  C:1869H         LINE#         46
  C:1870H         LINE#         47
  C:1873H         LINE#         48
  -------         ENDPROC       ADXL345_READ_MULTIPLE
  -------         PROC          _ADXL345_DISPLAY_X
  D:0022H         SYMBOL        x
  C:0BC3H         LINE#         49
  C:0BC7H         LINE#         50
  C:0BC7H         LINE#         51
  C:0BD0H         LINE#         52
  C:0BD0H         LINE#         53
  C:0BDBH         LINE#         54
  C:0BDDH         LINE#         55
  C:0BDFH         LINE#         57
  C:0BE8H         LINE#         59
  C:0C02H         LINE#         60
  C:0C0BH         LINE#         61
  C:0C14H         LINE#         62
  C:0C23H         LINE#         63
  C:0C39H         LINE#         64
  C:0C42H         LINE#         65
  C:0C51H         LINE#         66
  C:0C67H         LINE#         67
BL51 BANKED LINKER/LOCATER V6.22                                                      08/10/2018  20:37:18  PAGE 30


  C:0C76H         LINE#         68
  C:0C8CH         LINE#         69
  -------         ENDPROC       _ADXL345_DISPLAY_X
  -------         PROC          _ADXL345_DISPLAY_Y
  D:0022H         SYMBOL        y
  C:0C95H         LINE#         71
  C:0C99H         LINE#         72
  C:0C99H         LINE#         73
  C:0CA2H         LINE#         74
  C:0CA2H         LINE#         75
  C:0CADH         LINE#         76
  C:0CAFH         LINE#         77
  C:0CB1H         LINE#         79
  C:0CBAH         LINE#         81
  C:0CD4H         LINE#         82
  C:0CDDH         LINE#         83
  C:0CE6H         LINE#         84
  C:0CF5H         LINE#         85
  C:0D0BH         LINE#         86
  C:0D14H         LINE#         87
  C:0D23H         LINE#         88
  C:0D39H         LINE#         89
  C:0D48H         LINE#         90
  C:0D5EH         LINE#         91
  -------         ENDPROC       _ADXL345_DISPLAY_Y
  -------         PROC          _ADXL345_DISPLAY_Z
  D:0022H         SYMBOL        z
  C:0D67H         LINE#         93
  C:0D6BH         LINE#         94
  C:0D6BH         LINE#         95
  C:0D74H         LINE#         96
  C:0D74H         LINE#         97
  C:0D7FH         LINE#         98
  C:0D81H         LINE#         99
  C:0D83H         LINE#         101
  C:0D8CH         LINE#         103
  C:0DA6H         LINE#         104
  C:0DAFH         LINE#         105
  C:0DB8H         LINE#         106
  C:0DC7H         LINE#         107
  C:0DDDH         LINE#         108
  C:0DE6H         LINE#         109
  C:0DF5H         LINE#         110
  C:0E0BH         LINE#         111
  C:0E1AH         LINE#         112
  C:0E30H         LINE#         113
  -------         ENDPROC       _ADXL345_DISPLAY_Z
  -------         PROC          ADXL345_DISPLAY_XYZ
  C:1B1EH         LINE#         115
  C:1B1EH         LINE#         116
  C:1B1EH         LINE#         117
  C:1B2DH         LINE#         119
  C:1B3CH         LINE#         121
  -------         ENDPROC       ADXL345_DISPLAY_XYZ
  -------         ENDMOD        ADXL345

  -------         MODULE        LATTICE
BL51 BANKED LINKER/LOCATER V6.22                                                      08/10/2018  20:37:18  PAGE 31


  C:0000H         SYMBOL        _ICE_DUMMY_
  D:0080H         PUBLIC        P0
  D:0090H         PUBLIC        P1
  D:00A0H         PUBLIC        P2
  D:00B0H         PUBLIC        P3
  D:00A8H         PUBLIC        IE
  D:00B8H         PUBLIC        IP
  C:118EH         PUBLIC        right
  C:000EH         PUBLIC        _Lattice_Select_Row
  C:113EH         PUBLIC        left
  D:0098H         PUBLIC        SCON
  D:0088H         PUBLIC        TCON
  C:1418H         PUBLIC        _Lattice_Show
  B:00A0H.7       PUBLIC        LED8X8_RowSelect0
  B:00A0H.6       PUBLIC        LED8X8_RowSelect1
  B:00A0H.5       PUBLIC        LED8X8_RowSelect2
  D:00C8H         PUBLIC        T2CON
  D:00D0H         PUBLIC        PSW
  -------         PROC          _LATTICE_SELECT_ROW
  D:0007H         SYMBOL        row
  C:000EH         LINE#         28
  C:000EH         LINE#         29
  C:000EH         LINE#         30
  C:0017H         LINE#         31
  C:001DH         LINE#         32
  C:0021H         LINE#         33
  -------         ENDPROC       _LATTICE_SELECT_ROW
  -------         PROC          _LATTICE_SHOW
  D:0002H         SYMBOL        n
  -------         DO            
  D:0022H         SYMBOL        i
  D:0023H         SYMBOL        j
  D:0024H         SYMBOL        ten
  D:0025H         SYMBOL        one
  -------         ENDDO         
  C:1418H         LINE#         35
  C:141CH         LINE#         36
  C:141CH         LINE#         38
  C:1432H         LINE#         39
  C:1435H         LINE#         40
  C:1435H         LINE#         41
  C:1438H         LINE#         42
  C:1438H         LINE#         43
  C:143DH         LINE#         44
  C:1479H         LINE#         45
  C:147EH         LINE#         46
  C:1487H         LINE#         47
  C:1490H         LINE#         48
  -------         ENDPROC       _LATTICE_SHOW
  -------         ENDMOD        LATTICE

  -------         MODULE        BH1750
  C:0000H         SYMBOL        _ICE_DUMMY_
  D:0090H         PUBLIC        P1
  D:00A0H         PUBLIC        P2
  D:00B0H         PUBLIC        P3
  C:1E1FH         PUBLIC        _BH1750_Write_Single
BL51 BANKED LINKER/LOCATER V6.22                                                      08/10/2018  20:37:18  PAGE 32


  D:00A8H         PUBLIC        IE
  C:0A08H         PUBLIC        BH1750_Display
  D:00B8H         PUBLIC        IP
  D:0098H         PUBLIC        SCON
  D:0088H         PUBLIC        TCON
  C:1E9BH         PUBLIC        BH1750_Init
  D:00C8H         PUBLIC        T2CON
  C:19B5H         PUBLIC        BH1750_Read_Multiple
  D:00D0H         PUBLIC        PSW
  -------         PROC          _BH1750_WRITE_SINGLE
  D:0022H         SYMBOL        REG_Address
  C:1E1FH         LINE#         7
  C:1E21H         LINE#         8
  C:1E21H         LINE#         9
  C:1E24H         LINE#         10
  C:1E29H         LINE#         11
  C:1E2EH         LINE#         12
  -------         ENDPROC       _BH1750_WRITE_SINGLE
  -------         PROC          BH1750_INIT
  C:1E9BH         LINE#         15
  C:1E9BH         LINE#         16
  C:1E9BH         LINE#         17
  C:1EA0H         LINE#         18
  -------         ENDPROC       BH1750_INIT
  -------         PROC          BH1750_READ_MULTIPLE
  -------         DO            
  D:0022H         SYMBOL        i
  -------         ENDDO         
  C:19B5H         LINE#         21
  C:19B5H         LINE#         22
  C:19B5H         LINE#         24
  C:19B8H         LINE#         25
  C:19BDH         LINE#         26
  C:19C0H         LINE#         27
  C:19C0H         LINE#         28
  C:19CAH         LINE#         29
  C:19CFH         LINE#         30
  C:19CFH         LINE#         31
  C:19D1H         LINE#         32
  C:19D3H         LINE#         34
  C:19D3H         LINE#         35
  C:19D8H         LINE#         36
  C:19D8H         LINE#         37
  C:19E1H         LINE#         38
  C:19E4H         LINE#         39
  C:19E7H         LINE#         40
  -------         ENDPROC       BH1750_READ_MULTIPLE
  -------         PROC          BH1750_DISPLAY
  -------         DO            
  D:0022H         SYMBOL        dis_data
  -------         ENDDO         
  C:0A08H         LINE#         42
  C:0A08H         LINE#         43
  C:0A08H         LINE#         44
  C:0A16H         LINE#         45
  C:0A2EH         LINE#         47
  C:0A47H         LINE#         48
BL51 BANKED LINKER/LOCATER V6.22                                                      08/10/2018  20:37:18  PAGE 33


  C:0A59H         LINE#         49
  C:0A68H         LINE#         50
  C:0A7EH         LINE#         51
  C:0A8DH         LINE#         52
  C:0AA3H         LINE#         53
  C:0AB2H         LINE#         54
  C:0AC8H         LINE#         55
  C:0ADEH         LINE#         57
  C:0AE7H         LINE#         58
  -------         ENDPROC       BH1750_DISPLAY
  -------         ENDMOD        BH1750

  -------         MODULE        SENSOR
  C:0000H         SYMBOL        _ICE_DUMMY_
  C:1BCBH         PUBLIC        _SendChar_PC
  D:0090H         PUBLIC        P1
  D:00A0H         PUBLIC        P2
  C:1B4BH         PUBLIC        STATIC_DIGITAL_RUN
  D:00B0H         PUBLIC        P3
  B:0090H.7       PUBLIC        DD
  C:0568H         PUBLIC        ELECTRONIC_SCALE_RUN
  D:00A8H         PUBLIC        IE
  C:126EH         PUBLIC        LM393_RUN
  C:0006H         PUBLIC        BLUETOOTH_RUN
  C:0815H         PUBLIC        IR_IN
  C:157FH         PUBLIC        _SendLong_PC
  C:0AF0H         PUBLIC        AD_SENSOR_RUN
  D:00B8H         PUBLIC        IP
  B:0090H.3       PUBLIC        DCMOTOR
  B:0098H.1       PUBLIC        TI
  C:1A56H         PUBLIC        ADXL345_RUN
  B:00B0H.6       PUBLIC        hc_hr501
  B:00B0H.4       PUBLIC        echo
  C:12FEH         PUBLIC        STEPMOTOR_RUN
  C:1E6FH         PUBLIC        FAN_RUN
  C:1E86H         PUBLIC        LED_RUN
  C:1CF7H         PUBLIC        _7SEG_LED
  C:1ABBH         PUBLIC        _SendInt_PC
  D:0099H         PUBLIC        SBUF
  D:0055H         PUBLIC        MotorStep
  B:00B0H.2       PUBLIC        IRIN
  D:0098H         PUBLIC        SCON
  D:0088H         PUBLIC        TCON
  B:00B0H.5       PUBLIC        trig
  C:1E57H         PUBLIC        BUZZER_RUN
  B:0090H.4       PUBLIC        A
  B:0090H.6       PUBLIC        C
  B:00A8H.1       PUBLIC        ET0
  D:008CH         PUBLIC        TH0
  B:00A8H.0       PUBLIC        EX0
  D:008AH         PUBLIC        TL0
  B:0090H.2       PUBLIC        FAN
  B:0090H.0       PUBLIC        LED
  B:0088H.4       PUBLIC        TR0
  C:1A23H         PUBLIC        DIGITAL_LIGHT_INTENSITY_RUN
  C:0F09H         PUBLIC        ULTRASONIC_RUN
  C:1E4BH         PUBLIC        LATTICE_RUN
BL51 BANKED LINKER/LOCATER V6.22                                                      08/10/2018  20:37:18  PAGE 34


  C:1EACH         PUBLIC        INFRARED_REC_RUN
  B:0090H.5       PUBLIC        b
  B:0090H.1       PUBLIC        BUZZER
  D:00C8H         PUBLIC        T2CON
  C:1E63H         PUBLIC        DCMOTOR_RUN
  C:1C98H         PUBLIC        HC_HR501_RUN
  C:06EDH         PUBLIC        MQ_RUN
  D:00D0H         PUBLIC        PSW
  C:17EAH         PUBLIC        _SendString_PC
  C:1798H         PUBLIC        DS18B20_RUN
  -------         PROC          _SENDCHAR_PC
  D:003EH         SYMBOL        sd
  C:1BCBH         LINE#         27
  C:1BCDH         LINE#         28
  C:1BCDH         LINE#         29
  C:1BD9H         LINE#         30
  C:1BE0H         LINE#         31
  C:1BE0H         LINE#         32
  C:1BE3H         LINE#         33
  C:1BE6H         LINE#         34
  C:1BE8H         LINE#         35
  C:1BE9H         LINE#         37
  C:1BE9H         LINE#         38
  C:1BEEH         LINE#         39
  C:1BEEH         LINE#         40
  -------         ENDPROC       _SENDCHAR_PC
  -------         PROC          _SENDINT_PC
  D:0022H         SYMBOL        sd
  C:1ABBH         LINE#         41
  C:1ABFH         LINE#         42
  C:1ABFH         LINE#         43
  C:1ACBH         LINE#         44
  C:1AD2H         LINE#         45
  C:1AD2H         LINE#         46
  C:1AD6H         LINE#         47
  C:1AD9H         LINE#         48
  C:1ADBH         LINE#         49
  C:1ADFH         LINE#         50
  C:1AE2H         LINE#         51
  C:1AE4H         LINE#         52
  C:1AE5H         LINE#         54
  C:1AE5H         LINE#         55
  C:1AECH         LINE#         56
  C:1AECH         LINE#         57
  -------         ENDPROC       _SENDINT_PC
  C:17E4H         SYMBOL        L?0213
  -------         PROC          L?0212
  -------         ENDPROC       L?0212
  C:17E4H         SYMBOL        L?0213
  -------         PROC          _SENDSTRING_PC
  D:0035H         SYMBOL        sd
  -------         DO            
  D:0038H         SYMBOL        i
  -------         ENDDO         
  C:17EAH         LINE#         58
  C:17F0H         LINE#         59
  C:17F0H         LINE#         60
BL51 BANKED LINKER/LOCATER V6.22                                                      08/10/2018  20:37:18  PAGE 35


  C:17FCH         LINE#         61
  C:1803H         LINE#         62
  C:1803H         LINE#         64
  C:1818H         LINE#         65
  C:1818H         LINE#         66
  C:181AH         LINE#         67
  C:181DH         LINE#         68
  C:181FH         LINE#         69
  C:1823H         LINE#         70
  C:1823H         LINE#         72
  C:1823H         LINE#         73
  C:182CH         LINE#         74
  C:182CH         LINE#         75
  -------         ENDPROC       _SENDSTRING_PC
  -------         PROC          _SENDLONG_PC
  D:002AH         SYMBOL        sd
  C:157FH         LINE#         76
  C:1587H         LINE#         77
  C:1587H         LINE#         78
  C:1593H         LINE#         79
  C:159AH         LINE#         80
  C:159AH         LINE#         81
  C:15A9H         LINE#         82
  C:15ACH         LINE#         83
  C:15AEH         LINE#         84
  C:15BDH         LINE#         85
  C:15C0H         LINE#         86
  C:15C2H         LINE#         87
  C:15D1H         LINE#         88
[...]
  C:1E6FH         LINE#         191
  C:1E6FH         LINE#         192
  C:1E6FH         LINE#         193
  C:1E71H         LINE#         194
  C:1E78H         LINE#         195
  C:1E7AH         LINE#         196
  -------         ENDPROC       FAN_RUN
  -------         PROC          DS18B20_RUN
  C:1798H         LINE#         197
  C:1798H         LINE#         198
  C:1798H         LINE#         200
  C:179BH         LINE#         201
  C:179BH         LINE#         202
  C:179DH         LINE#         203
  C:17A2H         LINE#         204
  C:17A9H         LINE#         205
  C:17AFH         LINE#         207
  C:17B9H         LINE#         208
  C:17B9H         LINE#         209
  C:17BCH         LINE#         210
  C:17C3H         LINE#         211
  C:17C8H         LINE#         212
  C:17C8H         LINE#         213
  C:17CBH         LINE#         214
  C:17D6H         LINE#         215
  C:17D9H         LINE#         217
  C:17DBH         LINE#         218
  C:17DCH         LINE#         220
BL51 BANKED LINKER/LOCATER V6.22                                                      08/10/2018  20:37:18  PAGE 38


  C:17DCH         LINE#         222
  C:17E3H         LINE#         223
  C:17E3H         LINE#         224
  -------         ENDPROC       DS18B20_RUN
  -------         PROC          ULTRASONIC_RUN
  C:0F09H         LINE#         227
  C:0F09H         LINE#         228
  C:0F09H         LINE#         230
  C:0F0CH         LINE#         231
  C:0F0CH         LINE#         232
  C:0F0EH         LINE#         233
  C:0F13H         LINE#         234
  C:0F1AH         LINE#         235
  C:0F20H         LINE#         237
  C:0F2AH         LINE#         238
  C:0F2AH         LINE#         239
  C:0F2CH         LINE#         241
  C:0F2EH         LINE#         242
  C:0F35H         LINE#         243
  C:0F37H         LINE#         244
  C:0F39H         LINE#         245
  C:0F3CH         LINE#         246
  C:0F3EH         LINE#         247
  C:0F42H         LINE#         248
  C:0F45H         LINE#         249
  C:0F49H         LINE#         251
  C:0F4CH         LINE#         252
  C:0F4CH         LINE#         253
  C:0F6FH         LINE#         254
  C:0F6FH         LINE#         255
  C:0F74H         LINE#         256
  C:0F74H         LINE#         257
  C:0F8AH         LINE#         258
  C:0FADH         LINE#         259
  C:0FC3H         LINE#         260
  C:0FC3H         LINE#         262
  C:0FC3H         LINE#         263
  C:0FCAH         LINE#         264
  C:0FCAH         LINE#         265
  -------         ENDPROC       ULTRASONIC_RUN
  -------         PROC          AD_SENSOR_RUN
  C:0AF0H         LINE#         269
  C:0AF0H         LINE#         270
  C:0AF0H         LINE#         272
  C:0AF6H         LINE#         273
  C:0AF6H         LINE#         274
  C:0AF8H         LINE#         275
  C:0AFDH         LINE#         278
  C:0B0DH         LINE#         279
  C:0B0DH         LINE#         280
  C:0B0DH         LINE#         281
  C:0B14H         LINE#         282
  C:0B1BH         LINE#         283
  C:0B21H         LINE#         285
  C:0B25H         LINE#         286
  C:0B27H         LINE#         287
  C:0B27H         LINE#         288
BL51 BANKED LINKER/LOCATER V6.22                                                      08/10/2018  20:37:18  PAGE 39


  C:0B2EH         LINE#         289
  C:0B35H         LINE#         290
  C:0B3BH         LINE#         292
  C:0B3FH         LINE#         293
  C:0B41H         LINE#         294
  C:0B41H         LINE#         295
  C:0B48H         LINE#         296
  C:0B4FH         LINE#         297
  C:0B55H         LINE#         299
  C:0B59H         LINE#         300
  C:0B5BH         LINE#         301
  C:0B5BH         LINE#         302
  C:0B62H         LINE#         303
  C:0B69H         LINE#         304
  C:0B6FH         LINE#         306
  C:0B79H         LINE#         307
  C:0B79H         LINE#         308
  C:0B79H         LINE#         309
  C:0B79H         LINE#         310
  C:0B80H         LINE#         311
  C:0B85H         LINE#         312
  C:0B85H         LINE#         316
  C:0B95H         LINE#         317
  C:0BABH         LINE#         318
  C:0BBDH         LINE#         319
  C:0BBDH         LINE#         321
  C:0BBDH         LINE#         323
  C:0BC2H         LINE#         324
  C:0BC2H         LINE#         325
  -------         ENDPROC       AD_SENSOR_RUN
  -------         PROC          DIGITAL_LIGHT_INTENSITY_RUN
  C:1A23H         LINE#         327
  C:1A23H         LINE#         328
  C:1A23H         LINE#         330
  C:1A26H         LINE#         331
  C:1A26H         LINE#         332
  C:1A28H         LINE#         333
  C:1A2DH         LINE#         334
  C:1A34H         LINE#         335
  C:1A3AH         LINE#         337
  C:1A44H         LINE#         338
  C:1A44H         LINE#         339
  C:1A47H         LINE#         340
  C:1A4AH         LINE#         341
  C:1A4FH         LINE#         342
  C:1A4FH         LINE#         343
  C:1A52H         LINE#         344
  C:1A52H         LINE#         346
  C:1A52H         LINE#         348
  C:1A55H         LINE#         349
  C:1A55H         LINE#         350
  -------         ENDPROC       DIGITAL_LIGHT_INTENSITY_RUN
  -------         PROC          BLUETOOTH_RUN
  C:0006H         LINE#         351
  C:0006H         LINE#         352
  C:0006H         LINE#         353
  C:0008H         LINE#         354
BL51 BANKED LINKER/LOCATER V6.22                                                      08/10/2018  20:37:18  PAGE 40


  -------         ENDPROC       BLUETOOTH_RUN
  -------         PROC          INFRARED_REC_RUN
  C:1EACH         LINE#         356
  C:1EACH         LINE#         357
  C:1EACH         LINE#         358
  C:1EAEH         LINE#         359
  -------         ENDPROC       INFRARED_REC_RUN
  -------         PROC          IR_IN
  -------         DO            
  D:0032H         SYMBOL        j
  D:0033H         SYMBOL        k
  D:0034H         SYMBOL        N
  -------         ENDDO         
  C:0815H         LINE#         360
  C:0822H         LINE#         362
  C:0825H         LINE#         364
  C:0828H         LINE#         365
  C:0828H         LINE#         366
  C:082AH         LINE#         367
  C:082FH         LINE#         368
  C:0836H         LINE#         369
  C:083CH         LINE#         371
  C:0846H         LINE#         372
  C:0846H         LINE#         374
  C:0848H         LINE#         375
  C:084DH         LINE#         376
  C:0853H         LINE#         377
  C:0853H         LINE#         380
  C:0853H         LINE#         383
  C:0856H         LINE#         384
  C:0856H         LINE#         385
  C:085BH         LINE#         386
  C:085DH         LINE#         388
  C:0860H         LINE#         389
  C:0860H         LINE#         390
  C:0863H         LINE#         391
  C:0863H         LINE#         392
  C:0866H         LINE#         393
  C:086DH         LINE#         395
  C:0870H         LINE#         396
  C:0877H         LINE#         398
  C:087AH         LINE#         399
  C:087AH         LINE#         400
  C:087FH         LINE#         401
  C:0881H         LINE#         402
  C:0888H         LINE#         403
  C:088BH         LINE#         406
  C:088BH         LINE#         408
  C:0899H         LINE#         409
  C:08A9H         LINE#         410
  C:08ACH         LINE#         411
  C:08B5H         LINE#         412
  C:08BEH         LINE#         414
  C:08C5H         LINE#         415
  C:08C5H         LINE#         418
  C:08C5H         LINE#         420
  C:08CBH         LINE#         421
BL51 BANKED LINKER/LOCATER V6.22                                                      08/10/2018  20:37:18  PAGE 41


  C:08D2H         LINE#         423
  C:08D9H         LINE#         424
  C:08DDH         LINE#         426
  C:08E3H         LINE#         428
  C:08EAH         LINE#         429
  C:08EEH         LINE#         431
  C:08F4H         LINE#         432
  C:08F7H         LINE#         433
  C:08FCH         LINE#         434
  C:08FCH         LINE#         435
  C:0905H         LINE#         436
  C:090EH         LINE#         437
  C:0910H         LINE#         439
  C:0910H         LINE#         441
  C:0913H         LINE#         442
  C:0913H         LINE#         443
  -------         ENDPROC       IR_IN
  -------         PROC          ADXL345_RUN
  C:1A56H         LINE#         445
  C:1A56H         LINE#         446
  C:1A56H         LINE#         448
  C:1A59H         LINE#         449
  C:1A59H         LINE#         450
  C:1A5BH         LINE#         451
  C:1A60H         LINE#         452
  C:1A67H         LINE#         453
  C:1A6DH         LINE#         455
  C:1A77H         LINE#         456
  C:1A77H         LINE#         457
  C:1A7AH         LINE#         458
  C:1A7DH         LINE#         459
  C:1A82H         LINE#         460
  C:1A82H         LINE#         461
  C:1A85H         LINE#         462
  C:1A85H         LINE#         464
  C:1A85H         LINE#         466
  C:1A88H         LINE#         467
  C:1A88H         LINE#         468
  -------         ENDPROC       ADXL345_RUN
  -------         PROC          ELECTRONIC_SCALE_RUN
  -------         DO            
  D:0022H         SYMBOL        ed
  D:0026H         SYMBOL        cd
  -------         ENDDO         
  C:0568H         LINE#         469
  C:0568H         LINE#         470
  C:0568H         LINE#         474
  C:056BH         LINE#         475
  C:056BH         LINE#         476
  C:056DH         LINE#         477
  C:0572H         LINE#         478
  C:0579H         LINE#         479
  C:057FH         LINE#         481
  C:0589H         LINE#         482
  C:0589H         LINE#         483
  C:0594H         LINE#         484
  C:059CH         LINE#         485
BL51 BANKED LINKER/LOCATER V6.22                                                      08/10/2018  20:37:18  PAGE 42


  C:05ADH         LINE#         486
  C:05D2H         LINE#         487
  C:05EBH         LINE#         505
  C:05FBH         LINE#         506
  C:05FBH         LINE#         507
  C:0616H         LINE#         508
  C:062BH         LINE#         509
  C:064DH         LINE#         510
  C:0662H         LINE#         511
  C:0684H         LINE#         512
  C:0698H         LINE#         513
  C:06B9H         LINE#         514
  C:06CDH         LINE#         515
  C:06E9H         LINE#         516
  C:06E9H         LINE#         518
  C:06E9H         LINE#         520
  C:06ECH         LINE#         521
  C:06ECH         LINE#         522
  -------         ENDPROC       ELECTRONIC_SCALE_RUN
  -------         PROC          MQ_RUN
  C:06EDH         LINE#         524
  C:06EDH         LINE#         525
  C:06EDH         LINE#         527
  C:06F3H         LINE#         528
  C:06F3H         LINE#         529
  C:06F5H         LINE#         530
  C:06FAH         LINE#         532
  C:070DH         LINE#         533
  C:070DH         LINE#         534
  C:070DH         LINE#         536
  C:0714H         LINE#         537
  C:071AH         LINE#         539
  C:071EH         LINE#         540
  C:0720H         LINE#         541
  C:0720H         LINE#         543
  C:0727H         LINE#         544
  C:072DH         LINE#         546
  C:0731H         LINE#         547
  C:0733H         LINE#         548
  C:0733H         LINE#         550
  C:073AH         LINE#         551
  C:0740H         LINE#         553
  C:0744H         LINE#         554
  C:0746H         LINE#         555
  C:0746H         LINE#         557
  C:074DH         LINE#         558
  C:0753H         LINE#         560
  C:0757H         LINE#         561
  C:0759H         LINE#         562
  C:0759H         LINE#         564
  C:0760H         LINE#         565
  C:0766H         LINE#         567
  C:0770H         LINE#         568
  C:0770H         LINE#         569
  C:0770H         LINE#         570
  C:0770H         LINE#         571
  C:0783H         LINE#         572
BL51 BANKED LINKER/LOCATER V6.22                                                      08/10/2018  20:37:18  PAGE 43


  C:0783H         LINE#         573
  C:0783H         LINE#         574
  C:0783H         LINE#         575
  C:0785H         LINE#         576
  C:0785H         LINE#         577
  C:0787H         LINE#         578
  C:0789H         LINE#         579
  C:0789H         LINE#         580
  C:078BH         LINE#         581
  C:078DH         LINE#         582
  C:078DH         LINE#         583
  C:078FH         LINE#         584
  C:0791H         LINE#         585
  C:0798H         LINE#         587
  C:0798H         LINE#         588
  C:0798H         LINE#         589
  C:079FH         LINE#         590
  C:07A4H         LINE#         591
  C:07A4H         LINE#         592
  C:07AEH         LINE#         593
  C:07BEH         LINE#         594
  C:07CAH         LINE#         595
  C:07CDH         LINE#         596
  C:07D9H         LINE#         597
  C:07E6H         LINE#         599
  C:07EFH         LINE#         600
  C:07EFH         LINE#         601
  C:07FAH         LINE#         602
  C:07FCH         LINE#         603
  C:07FEH         LINE#         604
  C:07FFH         LINE#         606
  C:07FFH         LINE#         607
  C:080AH         LINE#         608
  C:080CH         LINE#         609
  C:080EH         LINE#         610
  C:080EH         LINE#         611
  C:080FH         LINE#         613
  C:080FH         LINE#         615
  C:0814H         LINE#         616
  C:0814H         LINE#         617
  -------         ENDPROC       MQ_RUN
  -------         PROC          HC_HR501_RUN
  C:1C98H         LINE#         619
  C:1C98H         LINE#         620
  C:1C98H         LINE#         621
  C:1C9FH         LINE#         622
  C:1CA2H         LINE#         623
  C:1CA2H         LINE#         624
  C:1CA4H         LINE#         625
  C:1CA6H         LINE#         626
  C:1CADH         LINE#         627
  C:1CAFH         LINE#         628
  C:1CB6H         LINE#         629
  C:1CB6H         LINE#         631
  C:1CB6H         LINE#         632
  C:1CB8H         LINE#         633
  C:1CB8H         LINE#         634
BL51 BANKED LINKER/LOCATER V6.22                                                      08/10/2018  20:37:18  PAGE 44


  -------         ENDPROC       HC_HR501_RUN
  -------         PROC          LM393_RUN
  -------         DO            
  D:0022H         SYMBOL        i
  D:0023H         SYMBOL        get_first
  -------         ENDDO         
  C:126EH         LINE#         636
  C:126EH         LINE#         637
  C:126EH         LINE#         640
  C:1271H         LINE#         641
  C:1271H         LINE#         642
  C:1273H         LINE#         643
  C:1278H         LINE#         644
  C:127FH         LINE#         645
  C:1285H         LINE#         647
  C:128FH         LINE#         648
  C:128FH         LINE#         649
  C:1292H         LINE#         650
  C:1292H         LINE#         651
  C:1299H         LINE#         652
  C:12A0H         LINE#         653
  C:12A9H         LINE#         654
  C:12B0H         LINE#         655
  C:12B3H         LINE#         656
  C:12B3H         LINE#         657
  C:12C5H         LINE#         658
  C:12CDH         LINE#         659
  C:12D4H         LINE#         660
  C:12D9H         LINE#         661
  C:12D9H         LINE#         663
  C:12E0H         LINE#         664
  C:12E0H         LINE#         665
  C:12EAH         LINE#         666
  C:12ECH         LINE#         668
  C:12ECH         LINE#         669
  C:12F8H         LINE#         670
  C:12F8H         LINE#         671
  C:12F8H         LINE#         673
  C:12F8H         LINE#         675
  C:12FDH         LINE#         676
  C:12FDH         LINE#         677
  -------         ENDPROC       LM393_RUN
  -------         ENDMOD        SENSOR

  -------         MODULE        ?C?FPADD
  C:002DH         PUBLIC        ?C?FPADD
  C:0029H         PUBLIC        ?C?FPSUB
  -------         ENDMOD        ?C?FPADD

  -------         MODULE        ?C?FPMUL
  C:011EH         PUBLIC        ?C?FPMUL
  -------         ENDMOD        ?C?FPMUL

  -------         MODULE        ?C?FPDIV
  C:0227H         PUBLIC        ?C?FPDIV
  -------         ENDMOD        ?C?FPDIV

BL51 BANKED LINKER/LOCATER V6.22                                                      08/10/2018  20:37:18  PAGE 45


  -------         MODULE        ?C?FCAST
  C:02CEH         PUBLIC        ?C?FCASTC
  C:02C9H         PUBLIC        ?C?FCASTI
  C:02C4H         PUBLIC        ?C?FCASTL
  -------         ENDMOD        ?C?FCAST

  -------         MODULE        ?C?CASTF
  C:0302H         PUBLIC        ?C?CASTF
  -------         ENDMOD        ?C?CASTF

  -------         MODULE        ?C?CLDPTR
  C:0383H         PUBLIC        ?C?CLDPTR
  -------         ENDMOD        ?C?CLDPTR

  -------         MODULE        ?C?CLDOPTR
  C:039CH         PUBLIC        ?C?CLDOPTR
  -------         ENDMOD        ?C?CLDOPTR

  -------         MODULE        ?C?IMUL
  C:03C9H         PUBLIC        ?C?IMUL
  -------         ENDMOD        ?C?IMUL

  -------         MODULE        ?C?UIDIV
  C:03DBH         PUBLIC        ?C?UIDIV
  -------         ENDMOD        ?C?UIDIV

  -------         MODULE        ?C?SIDIV
  C:0430H         PUBLIC        ?C?SIDIV
  -------         ENDMOD        ?C?SIDIV

  -------         MODULE        ?C?ULDIV
  C:04A2H         PUBLIC        ?C?ULDIV
  -------         ENDMOD        ?C?ULDIV

  -------         MODULE        ?C?SLDIV
  C:18FEH         PUBLIC        ?C?SLDIV
  -------         ENDMOD        ?C?SLDIV

  -------         MODULE        ?C?LNEG
  C:0534H         PUBLIC        ?C?LNEG
  -------         ENDMOD        ?C?LNEG

  -------         MODULE        ?C?ULSHR
  C:0542H         PUBLIC        ?C?ULSHR
  -------         ENDMOD        ?C?ULSHR

  -------         MODULE        ?C?LSHL
  C:0555H         PUBLIC        ?C?LSHL
  -------         ENDMOD        ?C?LSHL

*** WARNING L16: UNCALLED SEGMENT, IGNORED FOR OVERLAY PROCESS
    SEGMENT: ?PR?_LCD1602_DISPLAY_DATA?LCD1602

*** WARNING L16: UNCALLED SEGMENT, IGNORED FOR OVERLAY PROCESS
    SEGMENT: ?PR?_DACCONVERSION?PCF8591

*** WARNING L16: UNCALLED SEGMENT, IGNORED FOR OVERLAY PROCESS
BL51 BANKED LINKER/LOCATER V6.22                                                      08/10/2018  20:37:18  PAGE 46


    SEGMENT: ?PR?INITIAL_COM?PCF8591

*** WARNING L16: UNCALLED SEGMENT, IGNORED FOR OVERLAY PROCESS
    SEGMENT: ?PR?WIFI_INIT?WIFI

*** WARNING L15: MULTIPLE CALL TO SEGMENT
    SEGMENT: ?PR?_LCD1602_WRITE_STRING?LCD1602
    CALLER1: ?PR?SERAIL_PROC?MAIN
    CALLER2: ?PR?IR_IN?SENSOR

*** WARNING L15: MULTIPLE CALL TO SEGMENT
    SEGMENT: ?PR?_LCD1602_WRITE_CHAR?LCD1602
    CALLER1: ?PR?SERAIL_PROC?MAIN
    CALLER2: ?PR?IR_IN?SENSOR

*** WARNING L15: MULTIPLE CALL TO SEGMENT
    SEGMENT: ?PR?_SENDSTRING_PC?SENSOR
    CALLER1: ?PR?SERAIL_PROC?MAIN
    CALLER2: ?PR?IR_IN?SENSOR

*** WARNING L15: MULTIPLE CALL TO SEGMENT
    SEGMENT: ?PR?_WIFI_SEND_STRING?WIFI
    CALLER1: ?PR?SERAIL_PROC?MAIN
    CALLER2: ?PR?IR_IN?SENSOR

*** WARNING L15: MULTIPLE CALL TO SEGMENT
    SEGMENT: ?PR?_LCD1602_WRITE_STRING?LCD1602
    CALLER1: ?PR?IR_IN?SENSOR
    CALLER2: ?C_C51STARTUP

*** WARNING L15: MULTIPLE CALL TO SEGMENT
    SEGMENT: ?PR?_ISENDBYTE?PCF8591
    CALLER1: ?PR?SERAIL_PROC?MAIN
    CALLER2: ?C_C51STARTUP

*** WARNING L15: MULTIPLE CALL TO SEGMENT
    SEGMENT: ?PR?_IRCVBYTE?PCF8591
    CALLER1: ?PR?SERAIL_PROC?MAIN
    CALLER2: ?C_C51STARTUP

*** WARNING L15: MULTIPLE CALL TO SEGMENT
    SEGMENT: ?PR?ACK_I2C?IIC
    CALLER1: ?PR?SERAIL_PROC?MAIN
    CALLER2: ?C_C51STARTUP

*** WARNING L15: MULTIPLE CALL TO SEGMENT
    SEGMENT: ?PR?_SENDCHAR_PC?SENSOR
    CALLER1: ?PR?SERAIL_PROC?MAIN
    CALLER2: ?C_C51STARTUP

Program Size: data=86.6 xdata=0 code=7852
LINK/LOCATE RUN COMPLETE.  13 WARNING(S),  0 ERROR(S)
