BL51 BANKED LINKER/LOCATER V6.22                                                        07/24/2018  01:07:00  PAGE 1


BL51 BANKED LINKER/LOCATER V6.22, INVOKED BY:
D:\SOFTWARE\C51\C51\BIN\BL51.EXE .\Objects\MAIN.obj, .\Objects\IIC.obj, .\Objects\LCD1602.obj, .\Objects\PCF8591.obj, .\
>> Objects\Delay.obj, .\Objects\SENSOR.obj TO .\Objects\MCU_TEST PRINT (.\Listings\MCU_TEST.m51) RAMSIZE (256) CODE (0X0
>> 000-0X1FFF)


MEMORY MODEL: SMALL


INPUT MODULES INCLUDED:
  .\Objects\MAIN.obj (MAIN)
  .\Objects\IIC.obj (IIC)
  .\Objects\LCD1602.obj (LCD1602)
  .\Objects\PCF8591.obj (PCF8591)
  .\Objects\Delay.obj (DELAY)
  .\Objects\SENSOR.obj (SENSOR)
  D:\SOFTWARE\C51\C51\LIB\C51S.LIB (?C_STARTUP)
  D:\SOFTWARE\C51\C51\LIB\C51S.LIB (?C?CLDPTR)
  D:\SOFTWARE\C51\C51\LIB\C51S.LIB (?C_INIT)


LINK MAP OF MODULE:  .\Objects\MCU_TEST (MAIN)


            TYPE    BASE      LENGTH    RELOCATION   SEGMENT NAME
            -----------------------------------------------------

            * * * * * * *   D A T A   M E M O R Y   * * * * * * *
            REG     0000H     0008H     ABSOLUTE     "REG BANK 0"
            DATA    0008H     000FH     UNIT         ?DT?MAIN
            DATA    0017H     0004H     UNIT         ?DT?_LCD1602_WRITE_STRING?LCD1602
            DATA    001BH     0003H     UNIT         ?DT?_DACCONVERSION?PCF8591
            DATA    001EH     0002H     UNIT         ?DT?IDEFINE_BUS?IIC
            BIT     0020H.0   0000H.3   UNIT         ?BI?IIC
            BIT     0020H.3   0000H.1   UNIT         ?BI?IDEFINE_BUS?IIC
            BIT     0020H.4   0000H.1   UNIT         ?BI?ACK_I2C?IIC
            BIT     0020H.5   0000H.1   UNIT         ?BI?PCF8591
                    0020H.6   0000H.2                *** GAP ***
            DATA    0021H     0002H     UNIT         ?DT?_SENDBYTE?IIC
            DATA    0023H     0002H     UNIT         ?DT?RCVBYTE?IIC
            DATA    0025H     0002H     UNIT         ?DT?_LCD1602_WRITE_CHAR?LCD1602
            DATA    0027H     0002H     UNIT         ?DT?_ISENDBYTE?PCF8591
            DATA    0029H     0002H     UNIT         ?DT?_IRCVBYTE?PCF8591
            DATA    002BH     0001H     UNIT         ?DT?MQ2_RUN?SENSOR
            DATA    002CH     0001H     UNIT         ?DT?MQ3_RUN?SENSOR
            DATA    002DH     0001H     UNIT         ?DT?MQ4_RUN?SENSOR
            DATA    002EH     0001H     UNIT         ?DT?MQ5_RUN?SENSOR
            DATA    002FH     0001H     UNIT         ?DT?MQ135_RUN?SENSOR
            DATA    0030H     0001H     UNIT         _DATA_GROUP_
            IDATA   0031H     0001H     UNIT         ?STACK

            * * * * * * *   C O D E   M E M O R Y   * * * * * * *
            CODE    0000H     0003H     ABSOLUTE     
            CODE    0003H     0020H     UNIT         ?PR?_ISENDBYTE?PCF8591
            CODE    0023H     0003H     ABSOLUTE     
            CODE    0026H     00B2H     UNIT         ?PR?SERAIL_PROC?MAIN
            CODE    00D8H     008CH     UNIT         ?C_C51STARTUP
            CODE    0164H     006AH     UNIT         ?PR?MQ2_RUN?SENSOR
BL51 BANKED LINKER/LOCATER V6.22                                                      07/24/2018  01:07:00  PAGE 2


            CODE    01CEH     0064H     UNIT         ?PR?MQ3_RUN?SENSOR
            CODE    0232H     0064H     UNIT         ?PR?MQ4_RUN?SENSOR
            CODE    0296H     0064H     UNIT         ?PR?MQ5_RUN?SENSOR
            CODE    02FAH     0064H     UNIT         ?PR?MQ135_RUN?SENSOR
            CODE    035EH     0051H     UNIT         ?PR?_SENDBYTE?IIC
            CODE    03AFH     0044H     UNIT         ?PR?_LCD1602_WRITE_STRING?LCD1602
            CODE    03F3H     003BH     UNIT         ?CO?SENSOR
            CODE    042EH     0039H     UNIT         ?PR?RCVBYTE?IIC
            CODE    0467H     0032H     UNIT         ?PR?LCD1602_INIT?LCD1602
            CODE    0499H     002CH     UNIT         ?PR?_DACCONVERSION?PCF8591
            CODE    04C5H     0022H     UNIT         ?PR?_SET_CHANNELS?PCF8591
            CODE    04E7H     0022H     UNIT         ?PR?_IRCVBYTE?PCF8591
            CODE    0509H     0022H     UNIT         ?PR?_DELAY?DELAY
            CODE    052BH     001CH     UNIT         ?PR?ACK_I2C?IIC
            CODE    0547H     001BH     UNIT         ?PR?_LCD1602_WRITE_CHAR?LCD1602
            CODE    0562H     0019H     UNIT         ?PR?_LCD1602_WRITE_CMD?LCD1602
            CODE    057BH     0019H     UNIT         ?PR?_LCD1602_WRITE_DATA?LCD1602
            CODE    0594H     0019H     UNIT         ?C?LIB_CODE
            CODE    05ADH     0016H     UNIT         ?PR?SERIALINIT?MAIN
            CODE    05C3H     0016H     UNIT         ?PR?START_I2C?IIC
            CODE    05D9H     0012H     UNIT         ?PR?MAIN?MAIN
            CODE    05EBH     0012H     UNIT         ?PR?SENSOR_RUN?SENSOR
            CODE    05FDH     0011H     UNIT         ?PR?STOP_I2C?IIC
            CODE    060EH     0010H     UNIT         ?C_INITSEG
            CODE    061EH     000DH     UNIT         ?PR?IDEFINE_BUS?IIC
            CODE    062BH     000AH     UNIT         ?PR?_DELAY_US?DELAY
            CODE    0635H     0003H     UNIT         ?PR?DCMOTOR_RUN?SENSOR



OVERLAY MAP OF MODULE:   .\Objects\MCU_TEST (MAIN)


SEGMENT                                     DATA_GROUP 
  +--> CALLED SEGMENT                     START    LENGTH
---------------------------------------------------------
?PR?SERAIL_PROC?MAIN                      -----    -----
  +--> ?PR?_DELAY?DELAY

*** NEW ROOT ***************************************************

?C_C51STARTUP                             -----    -----
  +--> ?PR?MAIN?MAIN
  +--> ?C_INITSEG

?PR?MAIN?MAIN                             0030H    0001H
  +--> ?PR?SERIALINIT?MAIN
  +--> ?PR?_DELAY?DELAY



UNRESOLVED EXTERNAL SYMBOLS:
   PRASEDATA



SYMBOL TABLE OF MODULE:  .\Objects\MCU_TEST (MAIN)
BL51 BANKED LINKER/LOCATER V6.22                                                      07/24/2018  01:07:00  PAGE 3



  VALUE           TYPE          NAME
  ----------------------------------

  -------         MODULE        MAIN
  C:0000H         SYMBOL        _ICE_DUMMY_
  D:0090H         PUBLIC        P1
  D:00B0H         PUBLIC        P3
  B:00A8H.7       PUBLIC        EA
  D:00A8H         PUBLIC        IE
  B:00A8H.4       PUBLIC        ES
  D:0008H         PUBLIC        data_flag
  D:00B8H         PUBLIC        IP
  D:0009H         PUBLIC        index
  B:0098H.0       PUBLIC        RI
  B:0098H.1       PUBLIC        TI
  D:000AH         PUBLIC        data_come
  C:05D9H         PUBLIC        main
  D:0099H         PUBLIC        SBUF
  D:0098H         PUBLIC        SCON
  D:0089H         PUBLIC        TMOD
  D:0088H         PUBLIC        TCON
  D:008DH         PUBLIC        TH1
  D:000BH         PUBLIC        is_Start
  B:0098H.7       PUBLIC        SM0
  D:000CH         PUBLIC        num
  B:0098H.6       PUBLIC        SM1
  D:008BH         PUBLIC        TL1
  B:0088H.6       PUBLIC        TR1
  C:0026H         PUBLIC        Serail_Proc
  D:000DH         PUBLIC        a
  B:0098H.4       PUBLIC        REN
  D:00C8H         PUBLIC        T2CON
  C:05ADH         PUBLIC        SerialInit
  D:00D0H         PUBLIC        PSW
  -------         PROC          SERIALINIT
  C:05ADH         LINE#         12
  C:05ADH         LINE#         13
  C:05ADH         LINE#         14
  C:05B0H         LINE#         15
  C:05B3H         LINE#         16
  C:05B6H         LINE#         17
  C:05B8H         LINE#         18
  C:05BAH         LINE#         19
  C:05BCH         LINE#         20
  C:05BEH         LINE#         21
  C:05C0H         LINE#         22
  C:05C2H         LINE#         23
  -------         ENDPROC       SERIALINIT
  -------         PROC          MAIN
  -------         DO            
  D:0030H         SYMBOL        len
  -------         ENDDO         
  C:05D9H         LINE#         24
  C:05D9H         LINE#         25
  C:05D9H         LINE#         26
  C:05DCH         LINE#         27
BL51 BANKED LINKER/LOCATER V6.22                                                      07/24/2018  01:07:00  PAGE 4


  C:05DFH         LINE#         28
  C:05DFH         LINE#         29
  C:05DFH         LINE#         30
  C:05E2H         LINE#         32
  C:05E9H         LINE#         33
  -------         ENDPROC       MAIN
  -------         PROC          SERAIL_PROC
  -------         DO            
  D:0007H         SYMBOL        i
  -------         ENDDO         
  C:0026H         LINE#         35
  C:0043H         LINE#         38
  C:0046H         LINE#         39
  C:0046H         LINE#         40
  C:0048H         LINE#         41
  C:004BH         LINE#         42
  C:0052H         LINE#         43
  C:0055H         LINE#         44
  C:0058H         LINE#         45
  C:005AH         LINE#         47
  C:005EH         LINE#         48
  C:005EH         LINE#         49
  C:0066H         LINE#         50
  C:0066H         LINE#         51
  C:0068H         LINE#         52
  C:006AH         LINE#         53
  C:006CH         LINE#         54
  C:0070H         LINE#         55
  C:0073H         LINE#         56
  C:0075H         LINE#         58
  C:0075H         LINE#         59
  C:0078H         LINE#         60
  C:007CH         LINE#         61
  C:007FH         LINE#         62
  C:007FH         LINE#         64
  C:0083H         LINE#         65
  C:0083H         LINE#         67
  C:0088H         LINE#         68
  C:0088H         LINE#         69
  C:0092H         LINE#         70
  C:0094H         LINE#         72
  C:0094H         LINE#         73
  C:0097H         LINE#         74
  C:009AH         LINE#         75
  C:009DH         LINE#         77
  C:009FH         LINE#         78
  C:009FH         LINE#         79
  C:00A2H         LINE#         80
  C:00A5H         LINE#         81
  C:00A7H         LINE#         82
  C:00ABH         LINE#         83
  C:00ADH         LINE#         84
  C:00ADH         LINE#         85
  C:00B4H         LINE#         86
  C:00B7H         LINE#         87
  C:00B9H         LINE#         88
  C:00BDH         LINE#         89
BL51 BANKED LINKER/LOCATER V6.22                                                      07/24/2018  01:07:00  PAGE 5


  C:00BDH         LINE#         90
  C:00BDH         LINE#         91
  C:00BDH         LINE#         93
  -------         ENDPROC       SERAIL_PROC
  -------         ENDMOD        MAIN

  -------         MODULE        IIC
  C:0000H         SYMBOL        _ICE_DUMMY_
  C:035EH         PUBLIC        _SendByte
  C:061EH         PUBLIC        IDefine_Bus
  C:042EH         PUBLIC        RcvByte
  C:052BH         PUBLIC        Ack_I2c
  C:05C3H         PUBLIC        Start_I2c
  B:0020H.0       PUBLIC        SDA
  B:0020H.1       PUBLIC        ack1
  B:0020H.2       PUBLIC        SCL
  C:05FDH         PUBLIC        Stop_I2c
  -------         PROC          IDEFINE_BUS
  B:0020H.3       SYMBOL        SDA_NEW
  D:001EH         SYMBOL        SCL_NEW
  C:061EH         LINE#         7
  C:061EH         LINE#         8
  C:061EH         LINE#         9
  C:0622H         LINE#         10
  C:062AH         LINE#         11
  -------         ENDPROC       IDEFINE_BUS
  -------         PROC          START_I2C
  C:05C3H         LINE#         13
  C:05C3H         LINE#         14
  C:05C3H         LINE#         15
  C:05C5H         LINE#         16
  C:05C6H         LINE#         17
  C:05C8H         LINE#         18
  C:05CDH         LINE#         19
  C:05CFH         LINE#         20
  C:05D4H         LINE#         21
  C:05D6H         LINE#         22
  C:05D7H         LINE#         23
  C:05D8H         LINE#         24
  -------         ENDPROC       START_I2C
  -------         PROC          STOP_I2C
  C:05FDH         LINE#         26
  C:05FDH         LINE#         27
  C:05FDH         LINE#         28
  C:05FFH         LINE#         29
  C:0600H         LINE#         30
  C:0602H         LINE#         31
  C:0607H         LINE#         32
  C:0609H         LINE#         33
  -------         ENDPROC       STOP_I2C
  -------         PROC          _SENDBYTE
  D:0021H         SYMBOL        c
  -------         DO            
  D:0022H         SYMBOL        BitCnt
  -------         ENDDO         
  C:035EH         LINE#         36
  C:0360H         LINE#         37
BL51 BANKED LINKER/LOCATER V6.22                                                      07/24/2018  01:07:00  PAGE 6


  C:0360H         LINE#         39
  C:0363H         LINE#         40
  C:0363H         LINE#         41
  C:0377H         LINE#         42
  C:0379H         LINE#         43
  C:037AH         LINE#         44
  C:037CH         LINE#         45
  C:0381H         LINE#         46
  C:0383H         LINE#         47
  C:038CH         LINE#         49
  C:0391H         LINE#         50
  C:0393H         LINE#         51
  C:0398H         LINE#         52
  C:039AH         LINE#         53
  C:039FH         LINE#         55
  C:03A6H         LINE#         56
  C:03A8H         LINE#         57
  C:03AAH         LINE#         58
  -------         ENDPROC       _SENDBYTE
  -------         PROC          RCVBYTE
  -------         DO            
  D:0023H         SYMBOL        retc
  D:0024H         SYMBOL        BitCnt
  -------         ENDDO         
  C:042EH         LINE#         61
  C:042EH         LINE#         62
  C:042EH         LINE#         65
  C:0431H         LINE#         66
  C:0433H         LINE#         67
  C:0435H         LINE#         68
  C:0435H         LINE#         69
  C:0436H         LINE#         70
  C:0438H         LINE#         71
  C:043DH         LINE#         72
  C:043FH         LINE#         73
  C:0444H         LINE#         74
  C:044AH         LINE#         75
  C:044FH         LINE#         76
  C:0454H         LINE#         77
  C:045DH         LINE#         78
  C:045FH         LINE#         79
  C:0464H         LINE#         80
  C:0466H         LINE#         81
  -------         ENDPROC       RCVBYTE
  -------         PROC          ACK_I2C
  B:0020H.4       SYMBOL        a
  C:052BH         LINE#         83
  C:052BH         LINE#         84
  C:052BH         LINE#         85
  C:0532H         LINE#         86
  C:0534H         LINE#         87
  C:0539H         LINE#         88
  C:053BH         LINE#         89
  C:0540H         LINE#         90
  C:0542H         LINE#         91
  -------         ENDPROC       ACK_I2C
  -------         ENDMOD        IIC
BL51 BANKED LINKER/LOCATER V6.22                                                      07/24/2018  01:07:00  PAGE 7



  -------         MODULE        LCD1602
  C:0000H         SYMBOL        _ICE_DUMMY_
  D:0080H         PUBLIC        P0
  D:0090H         PUBLIC        P1
  D:00A0H         PUBLIC        P2
  D:00B0H         PUBLIC        P3
  C:03AFH         PUBLIC        _lcd1602_write_string
  C:057BH         PUBLIC        _lcd1602_write_data
  D:00A8H         PUBLIC        IE
  C:0547H         PUBLIC        _lcd1602_write_char
  C:0467H         PUBLIC        lcd1602_init
  D:00B8H         PUBLIC        IP
  C:0562H         PUBLIC        _lcd1602_write_cmd
  B:00A0H.3       PUBLIC        lcd1602_en
  D:0098H         PUBLIC        SCON
  D:0088H         PUBLIC        TCON
  B:00A0H.5       PUBLIC        lcd1602_rs
  B:00A0H.4       PUBLIC        lcd1602_rw
  D:00C8H         PUBLIC        T2CON
  D:00D0H         PUBLIC        PSW
  -------         PROC          _LCD1602_WRITE_CMD
  D:0007H         SYMBOL        cmd
  C:0562H         LINE#         11
  C:0562H         LINE#         12
  C:0562H         LINE#         13
  C:0564H         LINE#         14
  C:0566H         LINE#         15
  C:0568H         LINE#         16
  C:056FH         LINE#         17
  C:0571H         LINE#         18
  C:0578H         LINE#         19
  C:057AH         LINE#         20
  -------         ENDPROC       _LCD1602_WRITE_CMD
  -------         PROC          _LCD1602_WRITE_DATA
  D:0007H         SYMBOL        dat
  C:057BH         LINE#         22
  C:057BH         LINE#         23
  C:057BH         LINE#         24
  C:057DH         LINE#         25
  C:057FH         LINE#         26
  C:0581H         LINE#         27
  C:0588H         LINE#         28
  C:058AH         LINE#         29
  C:0591H         LINE#         30
  C:0593H         LINE#         32
  -------         ENDPROC       _LCD1602_WRITE_DATA
  -------         PROC          LCD1602_INIT
  C:0467H         LINE#         34
  C:0467H         LINE#         35
  C:0467H         LINE#         36
  C:0469H         LINE#         37
  C:046EH         LINE#         38
  C:0475H         LINE#         39
  C:047AH         LINE#         40
  C:0481H         LINE#         41
  C:0486H         LINE#         42
BL51 BANKED LINKER/LOCATER V6.22                                                      07/24/2018  01:07:00  PAGE 8


  C:048DH         LINE#         43
  C:0492H         LINE#         44
  -------         ENDPROC       LCD1602_INIT
  -------         PROC          _LCD1602_WRITE_CHAR
  D:0007H         SYMBOL        x
  D:0005H         SYMBOL        y
  D:0025H         SYMBOL        dat
  -------         DO            
  D:0026H         SYMBOL        address
  -------         ENDDO         
  C:0547H         LINE#         47
  C:0549H         LINE#         48
  C:0549H         LINE#         50
  C:054CH         LINE#         51
  C:0553H         LINE#         53
  C:0558H         LINE#         54
  C:055DH         LINE#         55
  -------         ENDPROC       _LCD1602_WRITE_CHAR
  -------         PROC          _LCD1602_WRITE_STRING
  D:0007H         SYMBOL        x
  D:0005H         SYMBOL        y
  D:0017H         SYMBOL        dat
  -------         DO            
  D:001AH         SYMBOL        address
  -------         ENDDO         
  C:03AFH         LINE#         58
  C:03B5H         LINE#         59
  C:03B5H         LINE#         61
  C:03B8H         LINE#         62
  C:03BFH         LINE#         63
  C:03C2H         LINE#         64
  C:03C7H         LINE#         65
  C:03CCH         LINE#         66
  C:03DBH         LINE#         67
  C:03DBH         LINE#         68
  C:03DEH         LINE#         69
  C:03E9H         LINE#         70
  C:03F0H         LINE#         71
  C:03F2H         LINE#         72
  -------         ENDPROC       _LCD1602_WRITE_STRING
  -------         ENDMOD        LCD1602

  -------         MODULE        PCF8591
  C:0000H         SYMBOL        _ICE_DUMMY_
  C:04E7H         PUBLIC        _IRcvByte
  C:0499H         PUBLIC        _DACconversion
  C:04C5H         PUBLIC        _Set_Channels
  B:0020H.5       PUBLIC        ack2
  C:0003H         PUBLIC        _ISendByte
  -------         PROC          _SET_CHANNELS
  D:0007H         SYMBOL        n
  C:04C5H         LINE#         4
  C:04C5H         LINE#         5
  C:04C5H         LINE#         6
  C:04D1H         LINE#         7
  C:04D1H         LINE#         8
  C:04D1H         LINE#         9
BL51 BANKED LINKER/LOCATER V6.22                                                      07/24/2018  01:07:00  PAGE 9


  C:04D1H         LINE#         10
  C:04D3H         LINE#         11
  C:04D3H         LINE#         12
  C:04D5H         LINE#         13
  C:04D7H         LINE#         14
  C:04D7H         LINE#         15
  C:04D9H         LINE#         16
  C:04DBH         LINE#         17
  C:04DBH         LINE#         18
  C:04DDH         LINE#         19
  C:04DFH         LINE#         20
  C:04E6H         LINE#         22
  C:04E6H         LINE#         23
  -------         ENDPROC       _SET_CHANNELS
  -------         PROC          _DACCONVERSION
  D:001BH         SYMBOL        sla
  D:001CH         SYMBOL        c
  D:001DH         SYMBOL        Val
  C:0499H         LINE#         24
  C:049FH         LINE#         25
  C:049FH         LINE#         26
  C:04A2H         LINE#         27
  C:04A7H         LINE#         28
  C:04ACH         LINE#         29
  C:04B1H         LINE#         30
  C:04B6H         LINE#         31
  C:04BBH         LINE#         32
  C:04C0H         LINE#         33
  C:04C3H         LINE#         34
  C:04C4H         LINE#         35
  -------         ENDPROC       _DACCONVERSION
  -------         PROC          _ISENDBYTE
  D:0027H         SYMBOL        sla
  D:0028H         SYMBOL        c
  C:0003H         LINE#         37
  C:0007H         LINE#         38
  C:0007H         LINE#         39
  C:000AH         LINE#         40
  C:000FH         LINE#         41
  C:0014H         LINE#         42
  C:0019H         LINE#         43
  C:001EH         LINE#         44
  C:0021H         LINE#         45
  C:0022H         LINE#         46
  -------         ENDPROC       _ISENDBYTE
  -------         PROC          _IRCVBYTE
  D:0029H         SYMBOL        sla
  -------         DO            
  D:002AH         SYMBOL        c
  -------         ENDDO         
  C:04E7H         LINE#         47
  C:04E9H         LINE#         48
  C:04E9H         LINE#         50
  C:04ECH         LINE#         51
  C:04F3H         LINE#         52
  C:04F9H         LINE#         53
  C:04FEH         LINE#         54
BL51 BANKED LINKER/LOCATER V6.22                                                      07/24/2018  01:07:00  PAGE 10


  C:0503H         LINE#         55
  C:0506H         LINE#         56
  C:0508H         LINE#         57
  -------         ENDPROC       _IRCVBYTE
  -------         ENDMOD        PCF8591

  -------         MODULE        DELAY
  C:0000H         SYMBOL        _ICE_DUMMY_
  C:062BH         PUBLIC        _Delay_us
  C:0509H         PUBLIC        _Delay
  -------         PROC          _DELAY
  D:0006H         SYMBOL        z
  -------         DO            
  D:0004H         SYMBOL        x
  D:0002H         SYMBOL        y
  -------         ENDDO         
  C:0509H         LINE#         4
  C:0509H         LINE#         5
  C:0509H         LINE#         6
  C:0509H         LINE#         7
  C:0516H         LINE#         8
  C:052AH         LINE#         9
  -------         ENDPROC       _DELAY
  -------         PROC          _DELAY_US
  D:0007H         SYMBOL        n
  C:062BH         LINE#         10
  C:062BH         LINE#         11
  C:062BH         LINE#         12
  C:0631H         LINE#         13
  C:0634H         LINE#         14
  -------         ENDPROC       _DELAY_US
  -------         ENDMOD        DELAY

  -------         MODULE        SENSOR
  C:0000H         SYMBOL        _ICE_DUMMY_
  D:0090H         PUBLIC        P1
  D:00B0H         PUBLIC        P3
  D:00A8H         PUBLIC        IE
  C:02FAH         PUBLIC        MQ135_RUN
  D:00B8H         PUBLIC        IP
  B:0098H.1       PUBLIC        TI
  C:0164H         PUBLIC        MQ2_RUN
  C:01CEH         PUBLIC        MQ3_RUN
  C:0232H         PUBLIC        MQ4_RUN
  C:0296H         PUBLIC        MQ5_RUN
  D:0099H         PUBLIC        SBUF
  C:05EBH         PUBLIC        SENSOR_RUN
  D:0098H         PUBLIC        SCON
  D:0088H         PUBLIC        TCON
  B:0090H.2       PUBLIC        FAN
  B:0090H.0       PUBLIC        LED
  B:0090H.3       PUBLIC        Dcmotor
  B:0090H.1       PUBLIC        BUZZER
  D:00C8H         PUBLIC        T2CON
  C:0635H         PUBLIC        DCMOTOR_RUN
  D:00D0H         PUBLIC        PSW
  -------         PROC          DCMOTOR_RUN
BL51 BANKED LINKER/LOCATER V6.22                                                      07/24/2018  01:07:00  PAGE 11


  C:0635H         LINE#         12
  C:0635H         LINE#         13
  C:0635H         LINE#         14
  C:0637H         LINE#         15
  -------         ENDPROC       DCMOTOR_RUN
  -------         PROC          MQ2_RUN
  -------         DO            
  D:002BH         SYMBOL        D
  -------         ENDDO         
  C:0164H         LINE#         17
  C:0164H         LINE#         18
  C:0164H         LINE#         19
  C:0167H         LINE#         20
  C:016EH         LINE#         21
  C:0175H         LINE#         22
  C:0175H         LINE#         23
  C:0182H         LINE#         24
  C:018FH         LINE#         25
  C:0191H         LINE#         26
  C:0193H         LINE#         28
  C:0195H         LINE#         29
  C:019CH         LINE#         30
  C:019EH         LINE#         31
  C:01A5H         LINE#         32
  C:01A7H         LINE#         33
  C:01AEH         LINE#         34
  C:01B0H         LINE#         35
  C:01B2H         LINE#         37
  C:01B2H         LINE#         38
  C:01B4H         LINE#         39
  C:01B6H         LINE#         40
  C:01B8H         LINE#         41
  C:01C5H         LINE#         42
  C:01C5H         LINE#         43
  C:01C8H         LINE#         44
  C:01CBH         LINE#         45
  C:01CDH         LINE#         46
  -------         ENDPROC       MQ2_RUN
  -------         PROC          MQ3_RUN
  -------         DO            
  D:002CH         SYMBOL        D
  -------         ENDDO         
  C:01CEH         LINE#         48
  C:01CEH         LINE#         49
  C:01CEH         LINE#         50
  C:01D1H         LINE#         51
  C:01D8H         LINE#         52
  C:01DFH         LINE#         53
  C:01DFH         LINE#         54
  C:01EBH         LINE#         55
  C:01F8H         LINE#         56
  C:01FAH         LINE#         57
  C:01FCH         LINE#         58
  C:0203H         LINE#         59
  C:0205H         LINE#         60
  C:020CH         LINE#         61
  C:020EH         LINE#         62
BL51 BANKED LINKER/LOCATER V6.22                                                      07/24/2018  01:07:00  PAGE 12


  C:0215H         LINE#         63
  C:0217H         LINE#         64
  C:0219H         LINE#         66
  C:0219H         LINE#         67
  C:021BH         LINE#         68
  C:021DH         LINE#         69
  C:0229H         LINE#         70
  C:0229H         LINE#         73
  C:022CH         LINE#         74
  C:022FH         LINE#         75
  C:0231H         LINE#         76
  -------         ENDPROC       MQ3_RUN
  -------         PROC          MQ4_RUN
  -------         DO            
  D:002DH         SYMBOL        D
  -------         ENDDO         
  C:0232H         LINE#         78
  C:0232H         LINE#         79
  C:0232H         LINE#         80
  C:0235H         LINE#         81
  C:023CH         LINE#         82
  C:0243H         LINE#         83
  C:0243H         LINE#         84
  C:024FH         LINE#         85
  C:025CH         LINE#         86
  C:025EH         LINE#         87
  C:0260H         LINE#         88
  C:0267H         LINE#         89
  C:0269H         LINE#         90
  C:0270H         LINE#         91
  C:0272H         LINE#         92
  C:0279H         LINE#         93
  C:027BH         LINE#         94
  C:027DH         LINE#         96
  C:027DH         LINE#         97
  C:027FH         LINE#         98
  C:0281H         LINE#         99
  C:028DH         LINE#         100
  C:028DH         LINE#         103
  C:0290H         LINE#         104
  C:0293H         LINE#         105
  C:0295H         LINE#         106
  -------         ENDPROC       MQ4_RUN
  -------         PROC          MQ5_RUN
  -------         DO            
  D:002EH         SYMBOL        D
  -------         ENDDO         
  C:0296H         LINE#         108
  C:0296H         LINE#         109
  C:0296H         LINE#         110
  C:0299H         LINE#         111
  C:02A0H         LINE#         112
  C:02A7H         LINE#         113
  C:02A7H         LINE#         114
  C:02B3H         LINE#         115
  C:02C0H         LINE#         116
  C:02C2H         LINE#         117
BL51 BANKED LINKER/LOCATER V6.22                                                      07/24/2018  01:07:00  PAGE 13


  C:02C4H         LINE#         118
  C:02CBH         LINE#         119
  C:02CDH         LINE#         120
  C:02D4H         LINE#         121
  C:02D6H         LINE#         122
  C:02DDH         LINE#         123
  C:02DFH         LINE#         124
  C:02E1H         LINE#         126
  C:02E1H         LINE#         127
  C:02E3H         LINE#         128
  C:02E5H         LINE#         129
  C:02F1H         LINE#         130
  C:02F1H         LINE#         133
  C:02F4H         LINE#         134
  C:02F7H         LINE#         135
  C:02F9H         LINE#         136
  -------         ENDPROC       MQ5_RUN
  -------         PROC          MQ135_RUN
  -------         DO            
  D:002FH         SYMBOL        D
  -------         ENDDO         
  C:02FAH         LINE#         138
  C:02FAH         LINE#         139
  C:02FAH         LINE#         140
  C:02FDH         LINE#         141
  C:0304H         LINE#         142
  C:030BH         LINE#         143
  C:030BH         LINE#         144
  C:0317H         LINE#         145
  C:0324H         LINE#         146
  C:0326H         LINE#         147
  C:0328H         LINE#         148
  C:032FH         LINE#         149
  C:0331H         LINE#         150
  C:0338H         LINE#         151
  C:033AH         LINE#         152
  C:0341H         LINE#         153
  C:0343H         LINE#         154
  C:0345H         LINE#         156
  C:0345H         LINE#         157
  C:0347H         LINE#         158
  C:0349H         LINE#         159
  C:0355H         LINE#         160
  C:0355H         LINE#         163
  C:0358H         LINE#         164
  C:035BH         LINE#         165
  C:035DH         LINE#         166
  -------         ENDPROC       MQ135_RUN
  -------         PROC          SENSOR_RUN
  C:05EBH         LINE#         169
  C:05EBH         LINE#         170
  C:05EBH         LINE#         171
  C:05EEH         LINE#         172
  C:05F1H         LINE#         173
  C:05F4H         LINE#         174
  C:05F7H         LINE#         175
  C:05FAH         LINE#         176
BL51 BANKED LINKER/LOCATER V6.22                                                      07/24/2018  01:07:00  PAGE 14


  -------         ENDPROC       SENSOR_RUN
  -------         ENDMOD        SENSOR

  -------         MODULE        ?C?CLDPTR
  C:0594H         PUBLIC        ?C?CLDPTR
  -------         ENDMOD        ?C?CLDPTR

*** WARNING L16: UNCALLED SEGMENT, IGNORED FOR OVERLAY PROCESS
    SEGMENT: ?PR?IDEFINE_BUS?IIC

*** WARNING L16: UNCALLED SEGMENT, IGNORED FOR OVERLAY PROCESS
    SEGMENT: ?PR?LCD1602_INIT?LCD1602

*** WARNING L16: UNCALLED SEGMENT, IGNORED FOR OVERLAY PROCESS
    SEGMENT: ?PR?_LCD1602_WRITE_CHAR?LCD1602

*** WARNING L16: UNCALLED SEGMENT, IGNORED FOR OVERLAY PROCESS
    SEGMENT: ?PR?_SET_CHANNELS?PCF8591

*** WARNING L16: UNCALLED SEGMENT, IGNORED FOR OVERLAY PROCESS
    SEGMENT: ?PR?_DACCONVERSION?PCF8591

*** WARNING L16: UNCALLED SEGMENT, IGNORED FOR OVERLAY PROCESS
    SEGMENT: ?PR?SENSOR_RUN?SENSOR

*** WARNING L1: UNRESOLVED EXTERNAL SYMBOL
    SYMBOL:  PRASEDATA
    MODULE:  .\Objects\MAIN.obj (MAIN)

*** WARNING L2: REFERENCE MADE TO UNRESOLVED EXTERNAL
    SYMBOL:  PRASEDATA
    MODULE:  .\Objects\MAIN.obj (MAIN)
    ADDRESS: 05E0H

Program Size: data=49.6 xdata=0 code=1592
LINK/LOCATE RUN COMPLETE.  8 WARNING(S),  0 ERROR(S)
