C51 COMPILER V9.56.0.0   TEST                                                              08/07/2018 15:10:07 PAGE 1   


C51 COMPILER V9.56.0.0, COMPILATION OF MODULE TEST
OBJECT MODULE PLACED IN .\Objects\test.obj
COMPILER INVOKED BY: D:\Software\C51\C51\BIN\C51.EXE test.c OPTIMIZE(8,SPEED) BROWSE INCDIR(.\IIC;.\LCD1602;.\DELAY;.\PC
                    -F8591;.\SENSOR;.\USER;.\7SEG;.\WIFI;.\DEFINE;.\DS18B20;.\ELECTRONIC_SCALE;..\MCU_TEST;.\LATTICE;.\ADXL345) DEBUG OBJECTE
                    -XTEND PRINT(.\Listings\test.lst) TABS(2) OBJECT(.\Objects\test.obj)

line level    source

   1          
   2          /*
   3          0000 0000
   4          0000 0000
   5          0000 0000
   6          0000 0000
   7          0000 0000
   8          0000 0000
   9          0000 0000
  10          0000 0000
  11          */
  12          /*0
  13          **** 0000   f0
  14          *00* 0000   90
  15          *00* 0000   90
  16          *00* 0000   90
  17          *00* 0000   90
  18          *00* 0000   90
  19          *00* 0000   90
  20          **** 0000   f0
  21          */
  22          /*Êý×Ö1×ó      
  23          0110 0000  60
  24          0110 0000  60
  25          0110 0000  60
  26          0110 0000  60 
  27          0110 0000  60
  28          0110 0000  60 
  29          0110 0000  60 
  30          0110 0000  60
  31          */
  32          /*2×ó
  33          1111 0000  f0 10 10 f0 80 80 80 f0
  34          0001 0000
  35          0001 0000
  36          1111 0000
  37          1000 0000
  38          1000 0000
  39          1000 0000
  40          1111 0000
  41          */
  42          /*3×ó
  43          **** 0000  f0 10 10 f0 10 10 10 f0
  44          000* 0000
  45          000* 0000
  46          **** 0000
  47          000* 0000
  48          000* 0000
  49          000* 0000
  50          **** 0000
  51          */
  52          /*4×ó
  53          *0*0 0000   a0 a0 a0 f0 20 20 20 20
C51 COMPILER V9.56.0.0   TEST                                                              08/07/2018 15:10:07 PAGE 2   

  54          *0*0 0000
  55          *0*0 0000
  56          **** 0000
  57          00*0 0000
  58          00*0 0000
  59          00*0 0000
  60          00*0 0000
  61          */
  62          /*5
  63          **** 0000   f0 80 80 f0 10 10 10 f0
  64          *000 0000
  65          *000 0000
  66          **** 0000
  67          000* 0000
  68          000* 0000
  69          000* 0000
  70          **** 0000
  71          */
  72          /*6
  73          **** 0000  f0 80 80 f0 90 90 90 f0
  74          *000 0000
  75          *000 0000
  76          **** 0000
  77          *00* 0000
  78          *00* 0000
  79          *00* 0000
  80          **** 0000
  81          */
  82          /*7
  83          **** 0000  f0 10 10 10 10 10 10 10
  84          000* 0000
  85          000* 0000
  86          000* 0000
  87          000* 0000
  88          000* 0000
  89          000* 0000
  90          000* 0000
  91          */
  92          /*8
  93          **** 0000  f0 90 90 f0 90 90 90 f0
  94          *00* 0000
  95          *00* 0000
  96          **** 0000
  97          *00* 0000
  98          *00* 0000
  99          *00* 0000
 100          **** 0000
 101          */
 102          /*9
 103          **** 0000  f0 90 90 f0 10 10 10 f0
 104          *00* 0000
 105          *00* 0000
 106          **** 0000
 107          000* 0000
 108          000* 0000
 109          000* 0000
 110          **** 0000
 111          */
 112          #include<reg52.h>
 113          //int da[4]={0,1,10,11};
 114          
 115          
C51 COMPILER V9.56.0.0   TEST                                                              08/07/2018 15:10:07 PAGE 3   

 116          //void main() 
 117          //{ 
 118          //    unsigned char i = 0;
 119          //    LED=0;
 120          //    
 121          //    while(1)
 122          //    {
 123          //      for(i = 0;i<3;i++)
 124          //      {
 125          //        LED8X8_H_Show(da[i]);
 126          //      }
 127          //      
 128          //    }
 129          //} 
 130          
 131           
 132          
 133          


MODULE INFORMATION:   STATIC OVERLAYABLE
   CODE SIZE        =   ----    ----
   CONSTANT SIZE    =   ----    ----
   XDATA SIZE       =   ----    ----
   PDATA SIZE       =   ----    ----
   DATA SIZE        =   ----    ----
   IDATA SIZE       =   ----    ----
   BIT SIZE         =   ----    ----
END OF MODULE INFORMATION.


C51 COMPILATION COMPLETE.  0 WARNING(S),  0 ERROR(S)
